Archive member included because of file (symbol)

d:/iti/embedded c/discovery/tools/winavr_20100110/bin/../lib/gcc/avr/4.3.3/avr5\libgcc.a(_divmodhi4.o)
                              ./main.o (__divmodhi4)
d:/iti/embedded c/discovery/tools/winavr_20100110/bin/../lib/gcc/avr/4.3.3/avr5\libgcc.a(_exit.o)
                              d:/iti/embedded c/discovery/tools/winavr_20100110/bin/../lib/gcc/avr/4.3.3/../../../../avr/lib/avr5/crtm32.o (exit)
d:/iti/embedded c/discovery/tools/winavr_20100110/bin/../lib/gcc/avr/4.3.3/avr5\libgcc.a(_copy_data.o)
                              ./Lcd.o (__do_copy_data)
d:/iti/embedded c/discovery/tools/winavr_20100110/bin/../lib/gcc/avr/4.3.3/avr5\libgcc.a(_fixunssfsi.o)
                              ./Lcd.o (__fixunssfsi)
d:/iti/embedded c/discovery/tools/winavr_20100110/bin/../lib/gcc/avr/4.3.3/avr5\libgcc.a(_addsub_sf.o)
                              ./main.o (__subsf3)
d:/iti/embedded c/discovery/tools/winavr_20100110/bin/../lib/gcc/avr/4.3.3/avr5\libgcc.a(_mul_sf.o)
                              ./Lcd.o (__mulsf3)
d:/iti/embedded c/discovery/tools/winavr_20100110/bin/../lib/gcc/avr/4.3.3/avr5\libgcc.a(_div_sf.o)
                              ./main.o (__divsf3)
d:/iti/embedded c/discovery/tools/winavr_20100110/bin/../lib/gcc/avr/4.3.3/avr5\libgcc.a(_gt_sf.o)
                              ./Lcd.o (__gtsf2)
d:/iti/embedded c/discovery/tools/winavr_20100110/bin/../lib/gcc/avr/4.3.3/avr5\libgcc.a(_ge_sf.o)
                              d:/iti/embedded c/discovery/tools/winavr_20100110/bin/../lib/gcc/avr/4.3.3/avr5\libgcc.a(_fixunssfsi.o) (__gesf2)
d:/iti/embedded c/discovery/tools/winavr_20100110/bin/../lib/gcc/avr/4.3.3/avr5\libgcc.a(_lt_sf.o)
                              ./Lcd.o (__ltsf2)
d:/iti/embedded c/discovery/tools/winavr_20100110/bin/../lib/gcc/avr/4.3.3/avr5\libgcc.a(_si_to_sf.o)
                              ./main.o (__floatsisf)
d:/iti/embedded c/discovery/tools/winavr_20100110/bin/../lib/gcc/avr/4.3.3/avr5\libgcc.a(_sf_to_si.o)
                              ./main.o (__fixsfsi)
d:/iti/embedded c/discovery/tools/winavr_20100110/bin/../lib/gcc/avr/4.3.3/avr5\libgcc.a(_thenan_sf.o)
                              d:/iti/embedded c/discovery/tools/winavr_20100110/bin/../lib/gcc/avr/4.3.3/avr5\libgcc.a(_addsub_sf.o) (__thenan_sf)
d:/iti/embedded c/discovery/tools/winavr_20100110/bin/../lib/gcc/avr/4.3.3/avr5\libgcc.a(_usi_to_sf.o)
                              ./main.o (__floatunsisf)
d:/iti/embedded c/discovery/tools/winavr_20100110/bin/../lib/gcc/avr/4.3.3/avr5\libgcc.a(_udivmodhi4.o)
                              d:/iti/embedded c/discovery/tools/winavr_20100110/bin/../lib/gcc/avr/4.3.3/avr5\libgcc.a(_divmodhi4.o) (__udivmodhi4)
d:/iti/embedded c/discovery/tools/winavr_20100110/bin/../lib/gcc/avr/4.3.3/avr5\libgcc.a(_prologue.o)
                              d:/iti/embedded c/discovery/tools/winavr_20100110/bin/../lib/gcc/avr/4.3.3/avr5\libgcc.a(_addsub_sf.o) (__prologue_saves__)
d:/iti/embedded c/discovery/tools/winavr_20100110/bin/../lib/gcc/avr/4.3.3/avr5\libgcc.a(_epilogue.o)
                              d:/iti/embedded c/discovery/tools/winavr_20100110/bin/../lib/gcc/avr/4.3.3/avr5\libgcc.a(_addsub_sf.o) (__epilogue_restores__)
d:/iti/embedded c/discovery/tools/winavr_20100110/bin/../lib/gcc/avr/4.3.3/avr5\libgcc.a(_clzsi2.o)
                              d:/iti/embedded c/discovery/tools/winavr_20100110/bin/../lib/gcc/avr/4.3.3/avr5\libgcc.a(_si_to_sf.o) (__clzsi2)
d:/iti/embedded c/discovery/tools/winavr_20100110/bin/../lib/gcc/avr/4.3.3/avr5\libgcc.a(_pack_sf.o)
                              d:/iti/embedded c/discovery/tools/winavr_20100110/bin/../lib/gcc/avr/4.3.3/avr5\libgcc.a(_addsub_sf.o) (__pack_f)
d:/iti/embedded c/discovery/tools/winavr_20100110/bin/../lib/gcc/avr/4.3.3/avr5\libgcc.a(_unpack_sf.o)
                              d:/iti/embedded c/discovery/tools/winavr_20100110/bin/../lib/gcc/avr/4.3.3/avr5\libgcc.a(_addsub_sf.o) (__unpack_f)
d:/iti/embedded c/discovery/tools/winavr_20100110/bin/../lib/gcc/avr/4.3.3/avr5\libgcc.a(_fpcmp_parts_sf.o)
                              d:/iti/embedded c/discovery/tools/winavr_20100110/bin/../lib/gcc/avr/4.3.3/avr5\libgcc.a(_gt_sf.o) (__fpcmp_parts_f)
d:/iti/embedded c/discovery/tools/winavr_20100110/bin/../lib/gcc/avr/4.3.3/avr5\libgcc.a(_clz.o)
                              d:/iti/embedded c/discovery/tools/winavr_20100110/bin/../lib/gcc/avr/4.3.3/avr5\libgcc.a(_clzsi2.o) (__clz_tab)
d:/iti/embedded c/discovery/tools/winavr_20100110/bin/../lib/gcc/avr/4.3.3/../../../../avr/lib/avr5\libc.a(malloc.o)
                              ./Lcd.o (malloc)
d:/iti/embedded c/discovery/tools/winavr_20100110/bin/../lib/gcc/avr/4.3.3/../../../../avr/lib/avr5\libc.a(snprintf.o)
                              ./Lcd.o (snprintf)
d:/iti/embedded c/discovery/tools/winavr_20100110/bin/../lib/gcc/avr/4.3.3/../../../../avr/lib/avr5\libc.a(vfprintf_std.o)
                              d:/iti/embedded c/discovery/tools/winavr_20100110/bin/../lib/gcc/avr/4.3.3/../../../../avr/lib/avr5\libc.a(snprintf.o) (vfprintf)
d:/iti/embedded c/discovery/tools/winavr_20100110/bin/../lib/gcc/avr/4.3.3/../../../../avr/lib/avr5\libc.a(strnlen_P.o)
                              d:/iti/embedded c/discovery/tools/winavr_20100110/bin/../lib/gcc/avr/4.3.3/../../../../avr/lib/avr5\libc.a(vfprintf_std.o) (strnlen_P)
d:/iti/embedded c/discovery/tools/winavr_20100110/bin/../lib/gcc/avr/4.3.3/../../../../avr/lib/avr5\libc.a(strnlen.o)
                              d:/iti/embedded c/discovery/tools/winavr_20100110/bin/../lib/gcc/avr/4.3.3/../../../../avr/lib/avr5\libc.a(vfprintf_std.o) (strnlen)
d:/iti/embedded c/discovery/tools/winavr_20100110/bin/../lib/gcc/avr/4.3.3/../../../../avr/lib/avr5\libc.a(fputc.o)
                              d:/iti/embedded c/discovery/tools/winavr_20100110/bin/../lib/gcc/avr/4.3.3/../../../../avr/lib/avr5\libc.a(vfprintf_std.o) (fputc)
d:/iti/embedded c/discovery/tools/winavr_20100110/bin/../lib/gcc/avr/4.3.3/../../../../avr/lib/avr5\libc.a(ultoa_invert.o)
                              d:/iti/embedded c/discovery/tools/winavr_20100110/bin/../lib/gcc/avr/4.3.3/../../../../avr/lib/avr5\libc.a(vfprintf_std.o) (__ultoa_invert)
d:/iti/embedded c/discovery/tools/winavr_20100110/bin/../lib/gcc/avr/4.3.3/avr5\libgcc.a(_clear_bss.o)
                              d:/iti/embedded c/discovery/tools/winavr_20100110/bin/../lib/gcc/avr/4.3.3/../../../../avr/lib/avr5\libc.a(malloc.o) (__do_clear_bss)

Allocating common symbols
Common symbol       size              file

__brkval            0x2               d:/iti/embedded c/discovery/tools/winavr_20100110/bin/../lib/gcc/avr/4.3.3/../../../../avr/lib/avr5\libc.a(malloc.o)
__flp               0x2               d:/iti/embedded c/discovery/tools/winavr_20100110/bin/../lib/gcc/avr/4.3.3/../../../../avr/lib/avr5\libc.a(malloc.o)

Memory Configuration

Name             Origin             Length             Attributes
text             0x00000000         0x00020000         xr
data             0x00800060         0x0000ffa0         rw !x
eeprom           0x00810000         0x00010000         rw !x
fuse             0x00820000         0x00000400         rw !x
lock             0x00830000         0x00000400         rw !x
signature        0x00840000         0x00000400         rw !x
*default*        0x00000000         0xffffffff

Linker script and memory map

LOAD d:/iti/embedded c/discovery/tools/winavr_20100110/bin/../lib/gcc/avr/4.3.3/../../../../avr/lib/avr5/crtm32.o
LOAD ./Adc.o
LOAD ./Dio.o
LOAD ./Lcd.o
LOAD ./Port.o
LOAD ./main.o
LOAD d:/iti/embedded c/discovery/tools/winavr_20100110/bin/../lib/gcc/avr/4.3.3/avr5\libgcc.a
LOAD d:/iti/embedded c/discovery/tools/winavr_20100110/bin/../lib/gcc/avr/4.3.3/../../../../avr/lib/avr5\libc.a
LOAD d:/iti/embedded c/discovery/tools/winavr_20100110/bin/../lib/gcc/avr/4.3.3/avr5\libgcc.a

.hash
 *(.hash)

.dynsym
 *(.dynsym)

.dynstr
 *(.dynstr)

.gnu.version
 *(.gnu.version)

.gnu.version_d
 *(.gnu.version_d)

.gnu.version_r
 *(.gnu.version_r)

.rel.init
 *(.rel.init)

.rela.init
 *(.rela.init)

.rel.text
 *(.rel.text)
 *(.rel.text.*)
 *(.rel.gnu.linkonce.t*)

.rela.text
 *(.rela.text)
 *(.rela.text.*)
 *(.rela.gnu.linkonce.t*)

.rel.fini
 *(.rel.fini)

.rela.fini
 *(.rela.fini)

.rel.rodata
 *(.rel.rodata)
 *(.rel.rodata.*)
 *(.rel.gnu.linkonce.r*)

.rela.rodata
 *(.rela.rodata)
 *(.rela.rodata.*)
 *(.rela.gnu.linkonce.r*)

.rel.data
 *(.rel.data)
 *(.rel.data.*)
 *(.rel.gnu.linkonce.d*)

.rela.data
 *(.rela.data)
 *(.rela.data.*)
 *(.rela.gnu.linkonce.d*)

.rel.ctors
 *(.rel.ctors)

.rela.ctors
 *(.rela.ctors)

.rel.dtors
 *(.rel.dtors)

.rela.dtors
 *(.rela.dtors)

.rel.got
 *(.rel.got)

.rela.got
 *(.rela.got)

.rel.bss
 *(.rel.bss)

.rela.bss
 *(.rela.bss)

.rel.plt
 *(.rel.plt)

.rela.plt
 *(.rela.plt)

.text           0x00000000     0x370e
 *(.vectors)
 .vectors       0x00000000       0x54 d:/iti/embedded c/discovery/tools/winavr_20100110/bin/../lib/gcc/avr/4.3.3/../../../../avr/lib/avr5/crtm32.o
                0x00000000                __vectors
                0x00000000                __vector_default
 *(.vectors)
 *(.progmem.gcc*)
 *(.progmem*)
                0x00000054                . = ALIGN (0x2)
                0x00000054                __trampolines_start = .
 *(.trampolines)
 .trampolines   0x00000054        0x0 linker stubs
 *(.trampolines*)
                0x00000054                __trampolines_end = .
 *(.jumptables)
 *(.jumptables*)
 *(.lowtext)
 *(.lowtext*)
                0x00000054                __ctors_start = .
 *(.ctors)
                0x00000054                __ctors_end = .
                0x00000054                __dtors_start = .
 *(.dtors)
                0x00000054                __dtors_end = .
 SORT(*)(.ctors)
 SORT(*)(.dtors)
 *(.init0)
 .init0         0x00000054        0x0 d:/iti/embedded c/discovery/tools/winavr_20100110/bin/../lib/gcc/avr/4.3.3/../../../../avr/lib/avr5/crtm32.o
                0x00000054                __init
 *(.init0)
 *(.init1)
 *(.init1)
 *(.init2)
 .init2         0x00000054        0xc d:/iti/embedded c/discovery/tools/winavr_20100110/bin/../lib/gcc/avr/4.3.3/../../../../avr/lib/avr5/crtm32.o
 *(.init2)
 *(.init3)
 *(.init3)
 *(.init4)
 .init4         0x00000060       0x16 d:/iti/embedded c/discovery/tools/winavr_20100110/bin/../lib/gcc/avr/4.3.3/avr5\libgcc.a(_copy_data.o)
                0x00000060                __do_copy_data
 .init4         0x00000076       0x10 d:/iti/embedded c/discovery/tools/winavr_20100110/bin/../lib/gcc/avr/4.3.3/avr5\libgcc.a(_clear_bss.o)
                0x00000076                __do_clear_bss
 *(.init4)
 *(.init5)
 *(.init5)
 *(.init6)
 *(.init6)
 *(.init7)
 *(.init7)
 *(.init8)
 *(.init8)
 *(.init9)
 .init9         0x00000086        0x8 d:/iti/embedded c/discovery/tools/winavr_20100110/bin/../lib/gcc/avr/4.3.3/../../../../avr/lib/avr5/crtm32.o
 *(.init9)
 *(.text)
 .text          0x0000008e        0x4 d:/iti/embedded c/discovery/tools/winavr_20100110/bin/../lib/gcc/avr/4.3.3/../../../../avr/lib/avr5/crtm32.o
                0x0000008e                __vector_1
                0x0000008e                __vector_12
                0x0000008e                __bad_interrupt
                0x0000008e                __vector_6
                0x0000008e                __vector_3
                0x0000008e                __vector_11
                0x0000008e                __vector_13
                0x0000008e                __vector_17
                0x0000008e                __vector_19
                0x0000008e                __vector_7
                0x0000008e                __vector_5
                0x0000008e                __vector_4
                0x0000008e                __vector_9
                0x0000008e                __vector_2
                0x0000008e                __vector_15
                0x0000008e                __vector_8
                0x0000008e                __vector_14
                0x0000008e                __vector_10
                0x0000008e                __vector_16
                0x0000008e                __vector_18
                0x0000008e                __vector_20
 .text          0x00000092        0x0 ./Adc.o
 .text          0x00000092        0x0 ./Dio.o
 .text          0x00000092        0x0 ./Lcd.o
 .text          0x00000092        0x0 ./Port.o
 .text          0x00000092        0x0 ./main.o
 .text          0x00000092        0x0 d:/iti/embedded c/discovery/tools/winavr_20100110/bin/../lib/gcc/avr/4.3.3/avr5\libgcc.a(_divmodhi4.o)
 .text          0x00000092        0x0 d:/iti/embedded c/discovery/tools/winavr_20100110/bin/../lib/gcc/avr/4.3.3/avr5\libgcc.a(_exit.o)
 .text          0x00000092        0x0 d:/iti/embedded c/discovery/tools/winavr_20100110/bin/../lib/gcc/avr/4.3.3/avr5\libgcc.a(_copy_data.o)
 .text          0x00000092       0x58 d:/iti/embedded c/discovery/tools/winavr_20100110/bin/../lib/gcc/avr/4.3.3/avr5\libgcc.a(_fixunssfsi.o)
                0x00000092                __fixunssfsi
 .text          0x000000ea      0x354 d:/iti/embedded c/discovery/tools/winavr_20100110/bin/../lib/gcc/avr/4.3.3/avr5\libgcc.a(_addsub_sf.o)
                0x00000382                __subsf3
                0x000003e4                __addsf3
 .text          0x0000043e      0x1f4 d:/iti/embedded c/discovery/tools/winavr_20100110/bin/../lib/gcc/avr/4.3.3/avr5\libgcc.a(_mul_sf.o)
                0x0000043e                __mulsf3
 .text          0x00000632      0x158 d:/iti/embedded c/discovery/tools/winavr_20100110/bin/../lib/gcc/avr/4.3.3/avr5\libgcc.a(_div_sf.o)
                0x00000632                __divsf3
 .text          0x0000078a       0x60 d:/iti/embedded c/discovery/tools/winavr_20100110/bin/../lib/gcc/avr/4.3.3/avr5\libgcc.a(_gt_sf.o)
                0x0000078a                __gtsf2
 .text          0x000007ea       0x60 d:/iti/embedded c/discovery/tools/winavr_20100110/bin/../lib/gcc/avr/4.3.3/avr5\libgcc.a(_ge_sf.o)
                0x000007ea                __gesf2
 .text          0x0000084a       0x60 d:/iti/embedded c/discovery/tools/winavr_20100110/bin/../lib/gcc/avr/4.3.3/avr5\libgcc.a(_lt_sf.o)
                0x0000084a                __ltsf2
 .text          0x000008aa       0xbc d:/iti/embedded c/discovery/tools/winavr_20100110/bin/../lib/gcc/avr/4.3.3/avr5\libgcc.a(_si_to_sf.o)
                0x000008aa                __floatsisf
 .text          0x00000966       0xa8 d:/iti/embedded c/discovery/tools/winavr_20100110/bin/../lib/gcc/avr/4.3.3/avr5\libgcc.a(_sf_to_si.o)
                0x00000966                __fixsfsi
 .text          0x00000a0e        0x0 d:/iti/embedded c/discovery/tools/winavr_20100110/bin/../lib/gcc/avr/4.3.3/avr5\libgcc.a(_thenan_sf.o)
 .text          0x00000a0e       0xf2 d:/iti/embedded c/discovery/tools/winavr_20100110/bin/../lib/gcc/avr/4.3.3/avr5\libgcc.a(_usi_to_sf.o)
                0x00000a0e                __floatunsisf
 .text          0x00000b00        0x0 d:/iti/embedded c/discovery/tools/winavr_20100110/bin/../lib/gcc/avr/4.3.3/avr5\libgcc.a(_udivmodhi4.o)
 .text          0x00000b00        0x0 d:/iti/embedded c/discovery/tools/winavr_20100110/bin/../lib/gcc/avr/4.3.3/avr5\libgcc.a(_prologue.o)
 .text          0x00000b00        0x0 d:/iti/embedded c/discovery/tools/winavr_20100110/bin/../lib/gcc/avr/4.3.3/avr5\libgcc.a(_epilogue.o)
 .text          0x00000b00       0x9e d:/iti/embedded c/discovery/tools/winavr_20100110/bin/../lib/gcc/avr/4.3.3/avr5\libgcc.a(_clzsi2.o)
                0x00000b00                __clzsi2
 .text          0x00000b9e      0x1aa d:/iti/embedded c/discovery/tools/winavr_20100110/bin/../lib/gcc/avr/4.3.3/avr5\libgcc.a(_pack_sf.o)
                0x00000b9e                __pack_f
 .text          0x00000d48       0xf0 d:/iti/embedded c/discovery/tools/winavr_20100110/bin/../lib/gcc/avr/4.3.3/avr5\libgcc.a(_unpack_sf.o)
                0x00000d48                __unpack_f
 .text          0x00000e38       0xb2 d:/iti/embedded c/discovery/tools/winavr_20100110/bin/../lib/gcc/avr/4.3.3/avr5\libgcc.a(_fpcmp_parts_sf.o)
                0x00000e38                __fpcmp_parts_f
 .text          0x00000eea        0x0 d:/iti/embedded c/discovery/tools/winavr_20100110/bin/../lib/gcc/avr/4.3.3/avr5\libgcc.a(_clz.o)
 .text          0x00000eea        0x0 d:/iti/embedded c/discovery/tools/winavr_20100110/bin/../lib/gcc/avr/4.3.3/../../../../avr/lib/avr5\libc.a(malloc.o)
 .text          0x00000eea        0x0 d:/iti/embedded c/discovery/tools/winavr_20100110/bin/../lib/gcc/avr/4.3.3/../../../../avr/lib/avr5\libc.a(snprintf.o)
 .text          0x00000eea        0x0 d:/iti/embedded c/discovery/tools/winavr_20100110/bin/../lib/gcc/avr/4.3.3/../../../../avr/lib/avr5\libc.a(vfprintf_std.o)
 .text          0x00000eea        0x0 d:/iti/embedded c/discovery/tools/winavr_20100110/bin/../lib/gcc/avr/4.3.3/../../../../avr/lib/avr5\libc.a(strnlen_P.o)
 .text          0x00000eea        0x0 d:/iti/embedded c/discovery/tools/winavr_20100110/bin/../lib/gcc/avr/4.3.3/../../../../avr/lib/avr5\libc.a(strnlen.o)
 .text          0x00000eea        0x0 d:/iti/embedded c/discovery/tools/winavr_20100110/bin/../lib/gcc/avr/4.3.3/../../../../avr/lib/avr5\libc.a(fputc.o)
 .text          0x00000eea        0x0 d:/iti/embedded c/discovery/tools/winavr_20100110/bin/../lib/gcc/avr/4.3.3/../../../../avr/lib/avr5\libc.a(ultoa_invert.o)
 .text          0x00000eea        0x0 d:/iti/embedded c/discovery/tools/winavr_20100110/bin/../lib/gcc/avr/4.3.3/avr5\libgcc.a(_clear_bss.o)
                0x00000eea                . = ALIGN (0x2)
 *(.text.*)
 .text.Adc_vidInit
                0x00000eea       0x2a ./Adc.o
                0x00000eea                Adc_vidInit
 .text.Adc_enuGetReading
                0x00000f14       0x84 ./Adc.o
                0x00000f14                Adc_enuGetReading
 .text.DIO_enuWriteChannel
                0x00000f98      0x1fe ./Dio.o
                0x00000f98                DIO_enuWriteChannel
 .text.DIO_enuReadChannel
                0x00001196      0x12c ./Dio.o
                0x00001196                DIO_enuReadChannel
 .text.DIO_enuWritePort
                0x000012c2       0x96 ./Dio.o
                0x000012c2                DIO_enuWritePort
 .text.DIO_enuReadPort
                0x00001358       0xaa ./Dio.o
                0x00001358                DIO_enuReadPort
 .text.DIO_enuFlipChannel
                0x00001402      0x11e ./Dio.o
                0x00001402                DIO_enuFlipChannel
 .text.Lcd_vidInit
                0x00001520      0x3ce ./Lcd.o
                0x00001520                Lcd_vidInit
 .text.Lcd_vidSendCommand
                0x000018ee      0x218 ./Lcd.o
                0x000018ee                Lcd_vidSendCommand
 .text.Lcd_vidDisplayCharacter
                0x00001b06      0x218 ./Lcd.o
                0x00001b06                Lcd_vidDisplayCharacter
 .text.Lcd_vidCreateCustomCharacter
                0x00001d1e       0x4a ./Lcd.o
                0x00001d1e                Lcd_vidCreateCustomCharacter
 .text.Lcd_vidDisplayNumber
                0x00001d68       0xfc ./Lcd.o
                0x00001d68                Lcd_vidDisplayNumber
 .text.Lcd_vidGoTo
                0x00001e64      0x11a ./Lcd.o
                0x00001e64                Lcd_vidGoTo
 .text.Lcd_vidDisplayString
                0x00001f7e       0x38 ./Lcd.o
                0x00001f7e                Lcd_vidDisplayString
 .text.Port_enuSetPinDirection
                0x00001fb6      0x1fe ./Port.o
                0x00001fb6                Port_enuSetPinDirection
 .text.Port_enuSetPinMode
                0x000021b4      0x69c ./Port.o
                0x000021b4                Port_enuSetPinMode
 .text.power    0x00002850       0x66 ./main.o
                0x00002850                power
 .text.reverse  0x000028b6       0xaa ./main.o
                0x000028b6                reverse
 .text.intToStr
                0x00002960       0xcc ./main.o
                0x00002960                intToStr
 .text.ftoa     0x00002a2c      0x114 ./main.o
                0x00002a2c                ftoa
 .text.main     0x00002b40      0x3a8 ./main.o
                0x00002b40                main
 .text.libgcc   0x00002ee8       0x26 d:/iti/embedded c/discovery/tools/winavr_20100110/bin/../lib/gcc/avr/4.3.3/avr5\libgcc.a(_divmodhi4.o)
                0x00002ee8                __divmodhi4
                0x00002ee8                _div
 .text.libgcc   0x00002f0e        0x0 d:/iti/embedded c/discovery/tools/winavr_20100110/bin/../lib/gcc/avr/4.3.3/avr5\libgcc.a(_exit.o)
 .text.libgcc   0x00002f0e        0x0 d:/iti/embedded c/discovery/tools/winavr_20100110/bin/../lib/gcc/avr/4.3.3/avr5\libgcc.a(_copy_data.o)
 .text.libgcc   0x00002f0e       0x28 d:/iti/embedded c/discovery/tools/winavr_20100110/bin/../lib/gcc/avr/4.3.3/avr5\libgcc.a(_udivmodhi4.o)
                0x00002f0e                __udivmodhi4
 .text.libgcc   0x00002f36       0x38 d:/iti/embedded c/discovery/tools/winavr_20100110/bin/../lib/gcc/avr/4.3.3/avr5\libgcc.a(_prologue.o)
                0x00002f36                __prologue_saves__
 .text.libgcc   0x00002f6e       0x36 d:/iti/embedded c/discovery/tools/winavr_20100110/bin/../lib/gcc/avr/4.3.3/avr5\libgcc.a(_epilogue.o)
                0x00002f6e                __epilogue_restores__
 .text.avr-libc
                0x00002fa4      0x20a d:/iti/embedded c/discovery/tools/winavr_20100110/bin/../lib/gcc/avr/4.3.3/../../../../avr/lib/avr5\libc.a(malloc.o)
                0x00002fa4                malloc
                0x000030fe                free
 .text.avr-libc
                0x000031ae       0x62 d:/iti/embedded c/discovery/tools/winavr_20100110/bin/../lib/gcc/avr/4.3.3/../../../../avr/lib/avr5\libc.a(snprintf.o)
                0x000031ae                snprintf
 .text.avr-libc
                0x00003210      0x3ba d:/iti/embedded c/discovery/tools/winavr_20100110/bin/../lib/gcc/avr/4.3.3/../../../../avr/lib/avr5\libc.a(vfprintf_std.o)
                0x00003210                vfprintf
 .text.avr-libc
                0x000035ca       0x16 d:/iti/embedded c/discovery/tools/winavr_20100110/bin/../lib/gcc/avr/4.3.3/../../../../avr/lib/avr5\libc.a(strnlen_P.o)
                0x000035ca                strnlen_P
 .text.avr-libc
                0x000035e0       0x16 d:/iti/embedded c/discovery/tools/winavr_20100110/bin/../lib/gcc/avr/4.3.3/../../../../avr/lib/avr5\libc.a(strnlen.o)
                0x000035e0                strnlen
 .text.avr-libc
                0x000035f6       0x58 d:/iti/embedded c/discovery/tools/winavr_20100110/bin/../lib/gcc/avr/4.3.3/../../../../avr/lib/avr5\libc.a(fputc.o)
                0x000035f6                fputc
 .text.avr-libc
                0x0000364e       0xbc d:/iti/embedded c/discovery/tools/winavr_20100110/bin/../lib/gcc/avr/4.3.3/../../../../avr/lib/avr5\libc.a(ultoa_invert.o)
                0x0000364e                __ultoa_invert
 .text.libgcc   0x0000370a        0x0 d:/iti/embedded c/discovery/tools/winavr_20100110/bin/../lib/gcc/avr/4.3.3/avr5\libgcc.a(_clear_bss.o)
                0x0000370a                . = ALIGN (0x2)
 *(.fini9)
 .fini9         0x0000370a        0x0 d:/iti/embedded c/discovery/tools/winavr_20100110/bin/../lib/gcc/avr/4.3.3/avr5\libgcc.a(_exit.o)
                0x0000370a                exit
                0x0000370a                _exit
 *(.fini9)
 *(.fini8)
 *(.fini8)
 *(.fini7)
 *(.fini7)
 *(.fini6)
 *(.fini6)
 *(.fini5)
 *(.fini5)
 *(.fini4)
 *(.fini4)
 *(.fini3)
 *(.fini3)
 *(.fini2)
 *(.fini2)
 *(.fini1)
 *(.fini1)
 *(.fini0)
 .fini0         0x0000370a        0x4 d:/iti/embedded c/discovery/tools/winavr_20100110/bin/../lib/gcc/avr/4.3.3/avr5\libgcc.a(_exit.o)
 *(.fini0)
                0x0000370e                _etext = .

.data           0x00800060      0x12e load address 0x0000370e
                0x00800060                PROVIDE (__data_start, .)
 *(.data)
 .data          0x00800060        0x0 d:/iti/embedded c/discovery/tools/winavr_20100110/bin/../lib/gcc/avr/4.3.3/../../../../avr/lib/avr5/crtm32.o
 .data          0x00800060        0x0 ./Adc.o
 .data          0x00800060        0x0 ./Dio.o
 .data          0x00800060        0x4 ./Lcd.o
 .data          0x00800064        0x0 ./Port.o
 .data          0x00800064       0x1c ./main.o
 .data          0x00800080        0x0 d:/iti/embedded c/discovery/tools/winavr_20100110/bin/../lib/gcc/avr/4.3.3/avr5\libgcc.a(_divmodhi4.o)
 .data          0x00800080        0x0 d:/iti/embedded c/discovery/tools/winavr_20100110/bin/../lib/gcc/avr/4.3.3/avr5\libgcc.a(_exit.o)
 .data          0x00800080        0x0 d:/iti/embedded c/discovery/tools/winavr_20100110/bin/../lib/gcc/avr/4.3.3/avr5\libgcc.a(_copy_data.o)
 .data          0x00800080        0x0 d:/iti/embedded c/discovery/tools/winavr_20100110/bin/../lib/gcc/avr/4.3.3/avr5\libgcc.a(_fixunssfsi.o)
 .data          0x00800080        0x0 d:/iti/embedded c/discovery/tools/winavr_20100110/bin/../lib/gcc/avr/4.3.3/avr5\libgcc.a(_addsub_sf.o)
 .data          0x00800080        0x0 d:/iti/embedded c/discovery/tools/winavr_20100110/bin/../lib/gcc/avr/4.3.3/avr5\libgcc.a(_mul_sf.o)
 .data          0x00800080        0x0 d:/iti/embedded c/discovery/tools/winavr_20100110/bin/../lib/gcc/avr/4.3.3/avr5\libgcc.a(_div_sf.o)
 .data          0x00800080        0x0 d:/iti/embedded c/discovery/tools/winavr_20100110/bin/../lib/gcc/avr/4.3.3/avr5\libgcc.a(_gt_sf.o)
 .data          0x00800080        0x0 d:/iti/embedded c/discovery/tools/winavr_20100110/bin/../lib/gcc/avr/4.3.3/avr5\libgcc.a(_ge_sf.o)
 .data          0x00800080        0x0 d:/iti/embedded c/discovery/tools/winavr_20100110/bin/../lib/gcc/avr/4.3.3/avr5\libgcc.a(_lt_sf.o)
 .data          0x00800080        0x0 d:/iti/embedded c/discovery/tools/winavr_20100110/bin/../lib/gcc/avr/4.3.3/avr5\libgcc.a(_si_to_sf.o)
 .data          0x00800080        0x0 d:/iti/embedded c/discovery/tools/winavr_20100110/bin/../lib/gcc/avr/4.3.3/avr5\libgcc.a(_sf_to_si.o)
 .data          0x00800080        0x8 d:/iti/embedded c/discovery/tools/winavr_20100110/bin/../lib/gcc/avr/4.3.3/avr5\libgcc.a(_thenan_sf.o)
                0x00800080                __thenan_sf
 .data          0x00800088        0x0 d:/iti/embedded c/discovery/tools/winavr_20100110/bin/../lib/gcc/avr/4.3.3/avr5\libgcc.a(_usi_to_sf.o)
 .data          0x00800088        0x0 d:/iti/embedded c/discovery/tools/winavr_20100110/bin/../lib/gcc/avr/4.3.3/avr5\libgcc.a(_udivmodhi4.o)
 .data          0x00800088        0x0 d:/iti/embedded c/discovery/tools/winavr_20100110/bin/../lib/gcc/avr/4.3.3/avr5\libgcc.a(_prologue.o)
 .data          0x00800088        0x0 d:/iti/embedded c/discovery/tools/winavr_20100110/bin/../lib/gcc/avr/4.3.3/avr5\libgcc.a(_epilogue.o)
 .data          0x00800088        0x0 d:/iti/embedded c/discovery/tools/winavr_20100110/bin/../lib/gcc/avr/4.3.3/avr5\libgcc.a(_clzsi2.o)
 .data          0x00800088        0x0 d:/iti/embedded c/discovery/tools/winavr_20100110/bin/../lib/gcc/avr/4.3.3/avr5\libgcc.a(_pack_sf.o)
 .data          0x00800088        0x0 d:/iti/embedded c/discovery/tools/winavr_20100110/bin/../lib/gcc/avr/4.3.3/avr5\libgcc.a(_unpack_sf.o)
 .data          0x00800088        0x0 d:/iti/embedded c/discovery/tools/winavr_20100110/bin/../lib/gcc/avr/4.3.3/avr5\libgcc.a(_fpcmp_parts_sf.o)
 .data          0x00800088      0x100 d:/iti/embedded c/discovery/tools/winavr_20100110/bin/../lib/gcc/avr/4.3.3/avr5\libgcc.a(_clz.o)
                0x00800088                __clz_tab
 .data          0x00800188        0x6 d:/iti/embedded c/discovery/tools/winavr_20100110/bin/../lib/gcc/avr/4.3.3/../../../../avr/lib/avr5\libc.a(malloc.o)
                0x0080018a                __malloc_heap_start
                0x0080018c                __malloc_heap_end
                0x00800188                __malloc_margin
 .data          0x0080018e        0x0 d:/iti/embedded c/discovery/tools/winavr_20100110/bin/../lib/gcc/avr/4.3.3/../../../../avr/lib/avr5\libc.a(snprintf.o)
 .data          0x0080018e        0x0 d:/iti/embedded c/discovery/tools/winavr_20100110/bin/../lib/gcc/avr/4.3.3/../../../../avr/lib/avr5\libc.a(vfprintf_std.o)
 .data          0x0080018e        0x0 d:/iti/embedded c/discovery/tools/winavr_20100110/bin/../lib/gcc/avr/4.3.3/../../../../avr/lib/avr5\libc.a(strnlen_P.o)
 .data          0x0080018e        0x0 d:/iti/embedded c/discovery/tools/winavr_20100110/bin/../lib/gcc/avr/4.3.3/../../../../avr/lib/avr5\libc.a(strnlen.o)
 .data          0x0080018e        0x0 d:/iti/embedded c/discovery/tools/winavr_20100110/bin/../lib/gcc/avr/4.3.3/../../../../avr/lib/avr5\libc.a(fputc.o)
 .data          0x0080018e        0x0 d:/iti/embedded c/discovery/tools/winavr_20100110/bin/../lib/gcc/avr/4.3.3/../../../../avr/lib/avr5\libc.a(ultoa_invert.o)
 .data          0x0080018e        0x0 d:/iti/embedded c/discovery/tools/winavr_20100110/bin/../lib/gcc/avr/4.3.3/avr5\libgcc.a(_clear_bss.o)
 *(.data*)
 *(.rodata)
 *(.rodata*)
 *(.gnu.linkonce.d*)
                0x0080018e                . = ALIGN (0x2)
                0x0080018e                _edata = .
                0x0080018e                PROVIDE (__data_end, .)

.bss            0x0080018e        0x4
                0x0080018e                PROVIDE (__bss_start, .)
 *(.bss)
 .bss           0x0080018e        0x0 d:/iti/embedded c/discovery/tools/winavr_20100110/bin/../lib/gcc/avr/4.3.3/../../../../avr/lib/avr5/crtm32.o
 .bss           0x0080018e        0x0 ./Adc.o
 .bss           0x0080018e        0x0 ./Dio.o
 .bss           0x0080018e        0x0 ./Lcd.o
 .bss           0x0080018e        0x0 ./Port.o
 .bss           0x0080018e        0x0 ./main.o
 .bss           0x0080018e        0x0 d:/iti/embedded c/discovery/tools/winavr_20100110/bin/../lib/gcc/avr/4.3.3/avr5\libgcc.a(_divmodhi4.o)
 .bss           0x0080018e        0x0 d:/iti/embedded c/discovery/tools/winavr_20100110/bin/../lib/gcc/avr/4.3.3/avr5\libgcc.a(_exit.o)
 .bss           0x0080018e        0x0 d:/iti/embedded c/discovery/tools/winavr_20100110/bin/../lib/gcc/avr/4.3.3/avr5\libgcc.a(_copy_data.o)
 .bss           0x0080018e        0x0 d:/iti/embedded c/discovery/tools/winavr_20100110/bin/../lib/gcc/avr/4.3.3/avr5\libgcc.a(_fixunssfsi.o)
 .bss           0x0080018e        0x0 d:/iti/embedded c/discovery/tools/winavr_20100110/bin/../lib/gcc/avr/4.3.3/avr5\libgcc.a(_addsub_sf.o)
 .bss           0x0080018e        0x0 d:/iti/embedded c/discovery/tools/winavr_20100110/bin/../lib/gcc/avr/4.3.3/avr5\libgcc.a(_mul_sf.o)
 .bss           0x0080018e        0x0 d:/iti/embedded c/discovery/tools/winavr_20100110/bin/../lib/gcc/avr/4.3.3/avr5\libgcc.a(_div_sf.o)
 .bss           0x0080018e        0x0 d:/iti/embedded c/discovery/tools/winavr_20100110/bin/../lib/gcc/avr/4.3.3/avr5\libgcc.a(_gt_sf.o)
 .bss           0x0080018e        0x0 d:/iti/embedded c/discovery/tools/winavr_20100110/bin/../lib/gcc/avr/4.3.3/avr5\libgcc.a(_ge_sf.o)
 .bss           0x0080018e        0x0 d:/iti/embedded c/discovery/tools/winavr_20100110/bin/../lib/gcc/avr/4.3.3/avr5\libgcc.a(_lt_sf.o)
 .bss           0x0080018e        0x0 d:/iti/embedded c/discovery/tools/winavr_20100110/bin/../lib/gcc/avr/4.3.3/avr5\libgcc.a(_si_to_sf.o)
 .bss           0x0080018e        0x0 d:/iti/embedded c/discovery/tools/winavr_20100110/bin/../lib/gcc/avr/4.3.3/avr5\libgcc.a(_sf_to_si.o)
 .bss           0x0080018e        0x0 d:/iti/embedded c/discovery/tools/winavr_20100110/bin/../lib/gcc/avr/4.3.3/avr5\libgcc.a(_thenan_sf.o)
 .bss           0x0080018e        0x0 d:/iti/embedded c/discovery/tools/winavr_20100110/bin/../lib/gcc/avr/4.3.3/avr5\libgcc.a(_usi_to_sf.o)
 .bss           0x0080018e        0x0 d:/iti/embedded c/discovery/tools/winavr_20100110/bin/../lib/gcc/avr/4.3.3/avr5\libgcc.a(_udivmodhi4.o)
 .bss           0x0080018e        0x0 d:/iti/embedded c/discovery/tools/winavr_20100110/bin/../lib/gcc/avr/4.3.3/avr5\libgcc.a(_prologue.o)
 .bss           0x0080018e        0x0 d:/iti/embedded c/discovery/tools/winavr_20100110/bin/../lib/gcc/avr/4.3.3/avr5\libgcc.a(_epilogue.o)
 .bss           0x0080018e        0x0 d:/iti/embedded c/discovery/tools/winavr_20100110/bin/../lib/gcc/avr/4.3.3/avr5\libgcc.a(_clzsi2.o)
 .bss           0x0080018e        0x0 d:/iti/embedded c/discovery/tools/winavr_20100110/bin/../lib/gcc/avr/4.3.3/avr5\libgcc.a(_pack_sf.o)
 .bss           0x0080018e        0x0 d:/iti/embedded c/discovery/tools/winavr_20100110/bin/../lib/gcc/avr/4.3.3/avr5\libgcc.a(_unpack_sf.o)
 .bss           0x0080018e        0x0 d:/iti/embedded c/discovery/tools/winavr_20100110/bin/../lib/gcc/avr/4.3.3/avr5\libgcc.a(_fpcmp_parts_sf.o)
 .bss           0x0080018e        0x0 d:/iti/embedded c/discovery/tools/winavr_20100110/bin/../lib/gcc/avr/4.3.3/avr5\libgcc.a(_clz.o)
 .bss           0x0080018e        0x0 d:/iti/embedded c/discovery/tools/winavr_20100110/bin/../lib/gcc/avr/4.3.3/../../../../avr/lib/avr5\libc.a(malloc.o)
 .bss           0x0080018e        0x0 d:/iti/embedded c/discovery/tools/winavr_20100110/bin/../lib/gcc/avr/4.3.3/../../../../avr/lib/avr5\libc.a(snprintf.o)
 .bss           0x0080018e        0x0 d:/iti/embedded c/discovery/tools/winavr_20100110/bin/../lib/gcc/avr/4.3.3/../../../../avr/lib/avr5\libc.a(vfprintf_std.o)
 .bss           0x0080018e        0x0 d:/iti/embedded c/discovery/tools/winavr_20100110/bin/../lib/gcc/avr/4.3.3/../../../../avr/lib/avr5\libc.a(strnlen_P.o)
 .bss           0x0080018e        0x0 d:/iti/embedded c/discovery/tools/winavr_20100110/bin/../lib/gcc/avr/4.3.3/../../../../avr/lib/avr5\libc.a(strnlen.o)
 .bss           0x0080018e        0x0 d:/iti/embedded c/discovery/tools/winavr_20100110/bin/../lib/gcc/avr/4.3.3/../../../../avr/lib/avr5\libc.a(fputc.o)
 .bss           0x0080018e        0x0 d:/iti/embedded c/discovery/tools/winavr_20100110/bin/../lib/gcc/avr/4.3.3/../../../../avr/lib/avr5\libc.a(ultoa_invert.o)
 .bss           0x0080018e        0x0 d:/iti/embedded c/discovery/tools/winavr_20100110/bin/../lib/gcc/avr/4.3.3/avr5\libgcc.a(_clear_bss.o)
 *(.bss*)
 *(COMMON)
 COMMON         0x0080018e        0x4 d:/iti/embedded c/discovery/tools/winavr_20100110/bin/../lib/gcc/avr/4.3.3/../../../../avr/lib/avr5\libc.a(malloc.o)
                0x0080018e                __brkval
                0x00800190                __flp
                0x00800192                PROVIDE (__bss_end, .)
                0x0000370e                __data_load_start = LOADADDR (.data)
                0x0000383c                __data_load_end = (__data_load_start + SIZEOF (.data))

.noinit         0x00800192        0x0
                0x00800192                PROVIDE (__noinit_start, .)
 *(.noinit*)
                0x00800192                PROVIDE (__noinit_end, .)
                0x00800192                _end = .
                0x00800192                PROVIDE (__heap_start, .)

.eeprom         0x00810000        0x0
 *(.eeprom*)
                0x00810000                __eeprom_end = .

.fuse
 *(.fuse)
 *(.lfuse)
 *(.hfuse)
 *(.efuse)

.lock
 *(.lock*)

.signature
 *(.signature*)

.stab           0x00000000     0x2448
 *(.stab)
 .stab          0x00000000      0x4ec ./Adc.o
 .stab          0x000004ec      0x648 ./Dio.o
                                0x8f4 (size before relaxing)
 .stab          0x00000b34      0xb7c ./Lcd.o
                                0xe1c (size before relaxing)
 .stab          0x000016b0      0x534 ./Port.o
                                0x804 (size before relaxing)
 .stab          0x00001be4      0x864 ./main.o
                                0xb58 (size before relaxing)

.stabstr        0x00000000     0x134b
 *(.stabstr)
 .stabstr       0x00000000     0x134b ./Adc.o

.stab.excl
 *(.stab.excl)

.stab.exclstr
 *(.stab.exclstr)

.stab.index
 *(.stab.index)

.stab.indexstr
 *(.stab.indexstr)

.comment
 *(.comment)

.debug
 *(.debug)

.line
 *(.line)

.debug_srcinfo
 *(.debug_srcinfo)

.debug_sfnames
 *(.debug_sfnames)

.debug_aranges  0x00000000      0x1c0
 *(.debug_aranges)
 .debug_aranges
                0x00000000       0x20 d:/iti/embedded c/discovery/tools/winavr_20100110/bin/../lib/gcc/avr/4.3.3/avr5\libgcc.a(_fixunssfsi.o)
 .debug_aranges
                0x00000020       0x20 d:/iti/embedded c/discovery/tools/winavr_20100110/bin/../lib/gcc/avr/4.3.3/avr5\libgcc.a(_addsub_sf.o)
 .debug_aranges
                0x00000040       0x20 d:/iti/embedded c/discovery/tools/winavr_20100110/bin/../lib/gcc/avr/4.3.3/avr5\libgcc.a(_mul_sf.o)
 .debug_aranges
                0x00000060       0x20 d:/iti/embedded c/discovery/tools/winavr_20100110/bin/../lib/gcc/avr/4.3.3/avr5\libgcc.a(_div_sf.o)
 .debug_aranges
                0x00000080       0x20 d:/iti/embedded c/discovery/tools/winavr_20100110/bin/../lib/gcc/avr/4.3.3/avr5\libgcc.a(_gt_sf.o)
 .debug_aranges
                0x000000a0       0x20 d:/iti/embedded c/discovery/tools/winavr_20100110/bin/../lib/gcc/avr/4.3.3/avr5\libgcc.a(_ge_sf.o)
 .debug_aranges
                0x000000c0       0x20 d:/iti/embedded c/discovery/tools/winavr_20100110/bin/../lib/gcc/avr/4.3.3/avr5\libgcc.a(_lt_sf.o)
 .debug_aranges
                0x000000e0       0x20 d:/iti/embedded c/discovery/tools/winavr_20100110/bin/../lib/gcc/avr/4.3.3/avr5\libgcc.a(_si_to_sf.o)
 .debug_aranges
                0x00000100       0x20 d:/iti/embedded c/discovery/tools/winavr_20100110/bin/../lib/gcc/avr/4.3.3/avr5\libgcc.a(_sf_to_si.o)
 .debug_aranges
                0x00000120       0x20 d:/iti/embedded c/discovery/tools/winavr_20100110/bin/../lib/gcc/avr/4.3.3/avr5\libgcc.a(_usi_to_sf.o)
 .debug_aranges
                0x00000140       0x20 d:/iti/embedded c/discovery/tools/winavr_20100110/bin/../lib/gcc/avr/4.3.3/avr5\libgcc.a(_clzsi2.o)
 .debug_aranges
                0x00000160       0x20 d:/iti/embedded c/discovery/tools/winavr_20100110/bin/../lib/gcc/avr/4.3.3/avr5\libgcc.a(_pack_sf.o)
 .debug_aranges
                0x00000180       0x20 d:/iti/embedded c/discovery/tools/winavr_20100110/bin/../lib/gcc/avr/4.3.3/avr5\libgcc.a(_unpack_sf.o)
 .debug_aranges
                0x000001a0       0x20 d:/iti/embedded c/discovery/tools/winavr_20100110/bin/../lib/gcc/avr/4.3.3/avr5\libgcc.a(_fpcmp_parts_sf.o)

.debug_pubnames
                0x00000000      0x214
 *(.debug_pubnames)
 .debug_pubnames
                0x00000000       0x23 d:/iti/embedded c/discovery/tools/winavr_20100110/bin/../lib/gcc/avr/4.3.3/avr5\libgcc.a(_fixunssfsi.o)
 .debug_pubnames
                0x00000023       0x2c d:/iti/embedded c/discovery/tools/winavr_20100110/bin/../lib/gcc/avr/4.3.3/avr5\libgcc.a(_addsub_sf.o)
 .debug_pubnames
                0x0000004f       0x1f d:/iti/embedded c/discovery/tools/winavr_20100110/bin/../lib/gcc/avr/4.3.3/avr5\libgcc.a(_mul_sf.o)
 .debug_pubnames
                0x0000006e       0x1f d:/iti/embedded c/discovery/tools/winavr_20100110/bin/../lib/gcc/avr/4.3.3/avr5\libgcc.a(_div_sf.o)
 .debug_pubnames
                0x0000008d       0x1e d:/iti/embedded c/discovery/tools/winavr_20100110/bin/../lib/gcc/avr/4.3.3/avr5\libgcc.a(_gt_sf.o)
 .debug_pubnames
                0x000000ab       0x1e d:/iti/embedded c/discovery/tools/winavr_20100110/bin/../lib/gcc/avr/4.3.3/avr5\libgcc.a(_ge_sf.o)
 .debug_pubnames
                0x000000c9       0x1e d:/iti/embedded c/discovery/tools/winavr_20100110/bin/../lib/gcc/avr/4.3.3/avr5\libgcc.a(_lt_sf.o)
 .debug_pubnames
                0x000000e7       0x22 d:/iti/embedded c/discovery/tools/winavr_20100110/bin/../lib/gcc/avr/4.3.3/avr5\libgcc.a(_si_to_sf.o)
 .debug_pubnames
                0x00000109       0x20 d:/iti/embedded c/discovery/tools/winavr_20100110/bin/../lib/gcc/avr/4.3.3/avr5\libgcc.a(_sf_to_si.o)
 .debug_pubnames
                0x00000129       0x22 d:/iti/embedded c/discovery/tools/winavr_20100110/bin/../lib/gcc/avr/4.3.3/avr5\libgcc.a(_thenan_sf.o)
 .debug_pubnames
                0x0000014b       0x24 d:/iti/embedded c/discovery/tools/winavr_20100110/bin/../lib/gcc/avr/4.3.3/avr5\libgcc.a(_usi_to_sf.o)
 .debug_pubnames
                0x0000016f       0x1f d:/iti/embedded c/discovery/tools/winavr_20100110/bin/../lib/gcc/avr/4.3.3/avr5\libgcc.a(_clzsi2.o)
 .debug_pubnames
                0x0000018e       0x1f d:/iti/embedded c/discovery/tools/winavr_20100110/bin/../lib/gcc/avr/4.3.3/avr5\libgcc.a(_pack_sf.o)
 .debug_pubnames
                0x000001ad       0x21 d:/iti/embedded c/discovery/tools/winavr_20100110/bin/../lib/gcc/avr/4.3.3/avr5\libgcc.a(_unpack_sf.o)
 .debug_pubnames
                0x000001ce       0x26 d:/iti/embedded c/discovery/tools/winavr_20100110/bin/../lib/gcc/avr/4.3.3/avr5\libgcc.a(_fpcmp_parts_sf.o)
 .debug_pubnames
                0x000001f4       0x20 d:/iti/embedded c/discovery/tools/winavr_20100110/bin/../lib/gcc/avr/4.3.3/avr5\libgcc.a(_clz.o)

.debug_info     0x00000000     0x2612
 *(.debug_info)
 .debug_info    0x00000000       0xb1 d:/iti/embedded c/discovery/tools/winavr_20100110/bin/../lib/gcc/avr/4.3.3/avr5\libgcc.a(_fixunssfsi.o)
 .debug_info    0x000000b1      0x47a d:/iti/embedded c/discovery/tools/winavr_20100110/bin/../lib/gcc/avr/4.3.3/avr5\libgcc.a(_addsub_sf.o)
 .debug_info    0x0000052b      0x485 d:/iti/embedded c/discovery/tools/winavr_20100110/bin/../lib/gcc/avr/4.3.3/avr5\libgcc.a(_mul_sf.o)
 .debug_info    0x000009b0      0x3fc d:/iti/embedded c/discovery/tools/winavr_20100110/bin/../lib/gcc/avr/4.3.3/avr5\libgcc.a(_div_sf.o)
 .debug_info    0x00000dac      0x27f d:/iti/embedded c/discovery/tools/winavr_20100110/bin/../lib/gcc/avr/4.3.3/avr5\libgcc.a(_gt_sf.o)
 .debug_info    0x0000102b      0x27f d:/iti/embedded c/discovery/tools/winavr_20100110/bin/../lib/gcc/avr/4.3.3/avr5\libgcc.a(_ge_sf.o)
 .debug_info    0x000012aa      0x27f d:/iti/embedded c/discovery/tools/winavr_20100110/bin/../lib/gcc/avr/4.3.3/avr5\libgcc.a(_lt_sf.o)
 .debug_info    0x00001529      0x207 d:/iti/embedded c/discovery/tools/winavr_20100110/bin/../lib/gcc/avr/4.3.3/avr5\libgcc.a(_si_to_sf.o)
 .debug_info    0x00001730      0x2b0 d:/iti/embedded c/discovery/tools/winavr_20100110/bin/../lib/gcc/avr/4.3.3/avr5\libgcc.a(_sf_to_si.o)
 .debug_info    0x000019e0      0x12c d:/iti/embedded c/discovery/tools/winavr_20100110/bin/../lib/gcc/avr/4.3.3/avr5\libgcc.a(_thenan_sf.o)
 .debug_info    0x00001b0c      0x206 d:/iti/embedded c/discovery/tools/winavr_20100110/bin/../lib/gcc/avr/4.3.3/avr5\libgcc.a(_usi_to_sf.o)
 .debug_info    0x00001d12      0x117 d:/iti/embedded c/discovery/tools/winavr_20100110/bin/../lib/gcc/avr/4.3.3/avr5\libgcc.a(_clzsi2.o)
 .debug_info    0x00001e29      0x2df d:/iti/embedded c/discovery/tools/winavr_20100110/bin/../lib/gcc/avr/4.3.3/avr5\libgcc.a(_pack_sf.o)
 .debug_info    0x00002108      0x251 d:/iti/embedded c/discovery/tools/winavr_20100110/bin/../lib/gcc/avr/4.3.3/avr5\libgcc.a(_unpack_sf.o)
 .debug_info    0x00002359      0x210 d:/iti/embedded c/discovery/tools/winavr_20100110/bin/../lib/gcc/avr/4.3.3/avr5\libgcc.a(_fpcmp_parts_sf.o)
 .debug_info    0x00002569       0xa9 d:/iti/embedded c/discovery/tools/winavr_20100110/bin/../lib/gcc/avr/4.3.3/avr5\libgcc.a(_clz.o)
 *(.gnu.linkonce.wi.*)

.debug_abbrev   0x00000000     0x14ce
 *(.debug_abbrev)
 .debug_abbrev  0x00000000       0x5d d:/iti/embedded c/discovery/tools/winavr_20100110/bin/../lib/gcc/avr/4.3.3/avr5\libgcc.a(_fixunssfsi.o)
 .debug_abbrev  0x0000005d      0x1ea d:/iti/embedded c/discovery/tools/winavr_20100110/bin/../lib/gcc/avr/4.3.3/avr5\libgcc.a(_addsub_sf.o)
 .debug_abbrev  0x00000247      0x21b d:/iti/embedded c/discovery/tools/winavr_20100110/bin/../lib/gcc/avr/4.3.3/avr5\libgcc.a(_mul_sf.o)
 .debug_abbrev  0x00000462      0x216 d:/iti/embedded c/discovery/tools/winavr_20100110/bin/../lib/gcc/avr/4.3.3/avr5\libgcc.a(_div_sf.o)
 .debug_abbrev  0x00000678      0x15a d:/iti/embedded c/discovery/tools/winavr_20100110/bin/../lib/gcc/avr/4.3.3/avr5\libgcc.a(_gt_sf.o)
 .debug_abbrev  0x000007d2      0x15a d:/iti/embedded c/discovery/tools/winavr_20100110/bin/../lib/gcc/avr/4.3.3/avr5\libgcc.a(_ge_sf.o)
 .debug_abbrev  0x0000092c      0x15a d:/iti/embedded c/discovery/tools/winavr_20100110/bin/../lib/gcc/avr/4.3.3/avr5\libgcc.a(_lt_sf.o)
 .debug_abbrev  0x00000a86      0x148 d:/iti/embedded c/discovery/tools/winavr_20100110/bin/../lib/gcc/avr/4.3.3/avr5\libgcc.a(_si_to_sf.o)
 .debug_abbrev  0x00000bce      0x17f d:/iti/embedded c/discovery/tools/winavr_20100110/bin/../lib/gcc/avr/4.3.3/avr5\libgcc.a(_sf_to_si.o)
 .debug_abbrev  0x00000d4d       0xad d:/iti/embedded c/discovery/tools/winavr_20100110/bin/../lib/gcc/avr/4.3.3/avr5\libgcc.a(_thenan_sf.o)
 .debug_abbrev  0x00000dfa      0x157 d:/iti/embedded c/discovery/tools/winavr_20100110/bin/../lib/gcc/avr/4.3.3/avr5\libgcc.a(_usi_to_sf.o)
 .debug_abbrev  0x00000f51       0xc4 d:/iti/embedded c/discovery/tools/winavr_20100110/bin/../lib/gcc/avr/4.3.3/avr5\libgcc.a(_clzsi2.o)
 .debug_abbrev  0x00001015      0x1c0 d:/iti/embedded c/discovery/tools/winavr_20100110/bin/../lib/gcc/avr/4.3.3/avr5\libgcc.a(_pack_sf.o)
 .debug_abbrev  0x000011d5      0x154 d:/iti/embedded c/discovery/tools/winavr_20100110/bin/../lib/gcc/avr/4.3.3/avr5\libgcc.a(_unpack_sf.o)
 .debug_abbrev  0x00001329      0x13b d:/iti/embedded c/discovery/tools/winavr_20100110/bin/../lib/gcc/avr/4.3.3/avr5\libgcc.a(_fpcmp_parts_sf.o)
 .debug_abbrev  0x00001464       0x6a d:/iti/embedded c/discovery/tools/winavr_20100110/bin/../lib/gcc/avr/4.3.3/avr5\libgcc.a(_clz.o)

.debug_line     0x00000000     0x130b
 *(.debug_line)
 .debug_line    0x00000000       0xa7 d:/iti/embedded c/discovery/tools/winavr_20100110/bin/../lib/gcc/avr/4.3.3/avr5\libgcc.a(_fixunssfsi.o)
 .debug_line    0x000000a7      0x2af d:/iti/embedded c/discovery/tools/winavr_20100110/bin/../lib/gcc/avr/4.3.3/avr5\libgcc.a(_addsub_sf.o)
 .debug_line    0x00000356      0x239 d:/iti/embedded c/discovery/tools/winavr_20100110/bin/../lib/gcc/avr/4.3.3/avr5\libgcc.a(_mul_sf.o)
 .debug_line    0x0000058f      0x1d5 d:/iti/embedded c/discovery/tools/winavr_20100110/bin/../lib/gcc/avr/4.3.3/avr5\libgcc.a(_div_sf.o)
 .debug_line    0x00000764       0xd3 d:/iti/embedded c/discovery/tools/winavr_20100110/bin/../lib/gcc/avr/4.3.3/avr5\libgcc.a(_gt_sf.o)
 .debug_line    0x00000837       0xd3 d:/iti/embedded c/discovery/tools/winavr_20100110/bin/../lib/gcc/avr/4.3.3/avr5\libgcc.a(_ge_sf.o)
 .debug_line    0x0000090a       0xd3 d:/iti/embedded c/discovery/tools/winavr_20100110/bin/../lib/gcc/avr/4.3.3/avr5\libgcc.a(_lt_sf.o)
 .debug_line    0x000009dd      0x135 d:/iti/embedded c/discovery/tools/winavr_20100110/bin/../lib/gcc/avr/4.3.3/avr5\libgcc.a(_si_to_sf.o)
 .debug_line    0x00000b12      0x109 d:/iti/embedded c/discovery/tools/winavr_20100110/bin/../lib/gcc/avr/4.3.3/avr5\libgcc.a(_sf_to_si.o)
 .debug_line    0x00000c1b       0x90 d:/iti/embedded c/discovery/tools/winavr_20100110/bin/../lib/gcc/avr/4.3.3/avr5\libgcc.a(_thenan_sf.o)
 .debug_line    0x00000cab      0x133 d:/iti/embedded c/discovery/tools/winavr_20100110/bin/../lib/gcc/avr/4.3.3/avr5\libgcc.a(_usi_to_sf.o)
 .debug_line    0x00000dde       0xa5 d:/iti/embedded c/discovery/tools/winavr_20100110/bin/../lib/gcc/avr/4.3.3/avr5\libgcc.a(_clzsi2.o)
 .debug_line    0x00000e83      0x18a d:/iti/embedded c/discovery/tools/winavr_20100110/bin/../lib/gcc/avr/4.3.3/avr5\libgcc.a(_pack_sf.o)
 .debug_line    0x0000100d      0x14b d:/iti/embedded c/discovery/tools/winavr_20100110/bin/../lib/gcc/avr/4.3.3/avr5\libgcc.a(_unpack_sf.o)
 .debug_line    0x00001158      0x137 d:/iti/embedded c/discovery/tools/winavr_20100110/bin/../lib/gcc/avr/4.3.3/avr5\libgcc.a(_fpcmp_parts_sf.o)
 .debug_line    0x0000128f       0x7c d:/iti/embedded c/discovery/tools/winavr_20100110/bin/../lib/gcc/avr/4.3.3/avr5\libgcc.a(_clz.o)

.debug_frame    0x00000000      0x1e0
 *(.debug_frame)
 .debug_frame   0x00000000       0x20 d:/iti/embedded c/discovery/tools/winavr_20100110/bin/../lib/gcc/avr/4.3.3/avr5\libgcc.a(_fixunssfsi.o)
 .debug_frame   0x00000020       0x40 d:/iti/embedded c/discovery/tools/winavr_20100110/bin/../lib/gcc/avr/4.3.3/avr5\libgcc.a(_addsub_sf.o)
 .debug_frame   0x00000060       0x20 d:/iti/embedded c/discovery/tools/winavr_20100110/bin/../lib/gcc/avr/4.3.3/avr5\libgcc.a(_mul_sf.o)
 .debug_frame   0x00000080       0x20 d:/iti/embedded c/discovery/tools/winavr_20100110/bin/../lib/gcc/avr/4.3.3/avr5\libgcc.a(_div_sf.o)
 .debug_frame   0x000000a0       0x20 d:/iti/embedded c/discovery/tools/winavr_20100110/bin/../lib/gcc/avr/4.3.3/avr5\libgcc.a(_gt_sf.o)
 .debug_frame   0x000000c0       0x20 d:/iti/embedded c/discovery/tools/winavr_20100110/bin/../lib/gcc/avr/4.3.3/avr5\libgcc.a(_ge_sf.o)
 .debug_frame   0x000000e0       0x20 d:/iti/embedded c/discovery/tools/winavr_20100110/bin/../lib/gcc/avr/4.3.3/avr5\libgcc.a(_lt_sf.o)
 .debug_frame   0x00000100       0x20 d:/iti/embedded c/discovery/tools/winavr_20100110/bin/../lib/gcc/avr/4.3.3/avr5\libgcc.a(_si_to_sf.o)
 .debug_frame   0x00000120       0x20 d:/iti/embedded c/discovery/tools/winavr_20100110/bin/../lib/gcc/avr/4.3.3/avr5\libgcc.a(_sf_to_si.o)
 .debug_frame   0x00000140       0x20 d:/iti/embedded c/discovery/tools/winavr_20100110/bin/../lib/gcc/avr/4.3.3/avr5\libgcc.a(_usi_to_sf.o)
 .debug_frame   0x00000160       0x20 d:/iti/embedded c/discovery/tools/winavr_20100110/bin/../lib/gcc/avr/4.3.3/avr5\libgcc.a(_clzsi2.o)
 .debug_frame   0x00000180       0x20 d:/iti/embedded c/discovery/tools/winavr_20100110/bin/../lib/gcc/avr/4.3.3/avr5\libgcc.a(_pack_sf.o)
 .debug_frame   0x000001a0       0x20 d:/iti/embedded c/discovery/tools/winavr_20100110/bin/../lib/gcc/avr/4.3.3/avr5\libgcc.a(_unpack_sf.o)
 .debug_frame   0x000001c0       0x20 d:/iti/embedded c/discovery/tools/winavr_20100110/bin/../lib/gcc/avr/4.3.3/avr5\libgcc.a(_fpcmp_parts_sf.o)

.debug_str      0x00000000      0x307
 *(.debug_str)
 .debug_str     0x00000000       0xbf d:/iti/embedded c/discovery/tools/winavr_20100110/bin/../lib/gcc/avr/4.3.3/avr5\libgcc.a(_fixunssfsi.o)
                                 0xfe (size before relaxing)
 .debug_str     0x000000bf      0x14d d:/iti/embedded c/discovery/tools/winavr_20100110/bin/../lib/gcc/avr/4.3.3/avr5\libgcc.a(_addsub_sf.o)
                                0x206 (size before relaxing)
 .debug_str     0x0000020c       0x27 d:/iti/embedded c/discovery/tools/winavr_20100110/bin/../lib/gcc/avr/4.3.3/avr5\libgcc.a(_mul_sf.o)
                                0x1bf (size before relaxing)
 .debug_str     0x00000233       0x35 d:/iti/embedded c/discovery/tools/winavr_20100110/bin/../lib/gcc/avr/4.3.3/avr5\libgcc.a(_div_sf.o)
                                0x1c8 (size before relaxing)
 .debug_str     0x00000268        0x8 d:/iti/embedded c/discovery/tools/winavr_20100110/bin/../lib/gcc/avr/4.3.3/avr5\libgcc.a(_gt_sf.o)
                                0x195 (size before relaxing)
 .debug_str     0x00000270        0x8 d:/iti/embedded c/discovery/tools/winavr_20100110/bin/../lib/gcc/avr/4.3.3/avr5\libgcc.a(_ge_sf.o)
                                0x195 (size before relaxing)
 .debug_str     0x00000278        0x8 d:/iti/embedded c/discovery/tools/winavr_20100110/bin/../lib/gcc/avr/4.3.3/avr5\libgcc.a(_lt_sf.o)
                                0x195 (size before relaxing)
 .debug_str     0x00000280       0x1e d:/iti/embedded c/discovery/tools/winavr_20100110/bin/../lib/gcc/avr/4.3.3/avr5\libgcc.a(_si_to_sf.o)
                                0x17b (size before relaxing)
 .debug_str     0x0000029e        0xa d:/iti/embedded c/discovery/tools/winavr_20100110/bin/../lib/gcc/avr/4.3.3/avr5\libgcc.a(_sf_to_si.o)
                                0x19e (size before relaxing)
 .debug_str     0x00000000      0x103 d:/iti/embedded c/discovery/tools/winavr_20100110/bin/../lib/gcc/avr/4.3.3/avr5\libgcc.a(_thenan_sf.o)
 .debug_str     0x000002a8       0x14 d:/iti/embedded c/discovery/tools/winavr_20100110/bin/../lib/gcc/avr/4.3.3/avr5\libgcc.a(_usi_to_sf.o)
                                0x177 (size before relaxing)
 .debug_str     0x000002bc       0x20 d:/iti/embedded c/discovery/tools/winavr_20100110/bin/../lib/gcc/avr/4.3.3/avr5\libgcc.a(_clzsi2.o)
                                0x111 (size before relaxing)
 .debug_str     0x000002dc       0x10 d:/iti/embedded c/discovery/tools/winavr_20100110/bin/../lib/gcc/avr/4.3.3/avr5\libgcc.a(_pack_sf.o)
                                0x19d (size before relaxing)
 .debug_str     0x000002ec        0xb d:/iti/embedded c/discovery/tools/winavr_20100110/bin/../lib/gcc/avr/4.3.3/avr5\libgcc.a(_unpack_sf.o)
                                0x17f (size before relaxing)
 .debug_str     0x000002f7       0x10 d:/iti/embedded c/discovery/tools/winavr_20100110/bin/../lib/gcc/avr/4.3.3/avr5\libgcc.a(_fpcmp_parts_sf.o)
                                0x163 (size before relaxing)
 .debug_str     0x00000000       0xf4 d:/iti/embedded c/discovery/tools/winavr_20100110/bin/../lib/gcc/avr/4.3.3/avr5\libgcc.a(_clz.o)

.debug_loc      0x00000000      0xa1a
 *(.debug_loc)
 .debug_loc     0x00000000       0x34 d:/iti/embedded c/discovery/tools/winavr_20100110/bin/../lib/gcc/avr/4.3.3/avr5\libgcc.a(_fixunssfsi.o)
 .debug_loc     0x00000034      0x32a d:/iti/embedded c/discovery/tools/winavr_20100110/bin/../lib/gcc/avr/4.3.3/avr5\libgcc.a(_addsub_sf.o)
 .debug_loc     0x0000035e      0x104 d:/iti/embedded c/discovery/tools/winavr_20100110/bin/../lib/gcc/avr/4.3.3/avr5\libgcc.a(_mul_sf.o)
 .debug_loc     0x00000462       0xc0 d:/iti/embedded c/discovery/tools/winavr_20100110/bin/../lib/gcc/avr/4.3.3/avr5\libgcc.a(_div_sf.o)
 .debug_loc     0x00000522       0x3c d:/iti/embedded c/discovery/tools/winavr_20100110/bin/../lib/gcc/avr/4.3.3/avr5\libgcc.a(_gt_sf.o)
 .debug_loc     0x0000055e       0x3c d:/iti/embedded c/discovery/tools/winavr_20100110/bin/../lib/gcc/avr/4.3.3/avr5\libgcc.a(_ge_sf.o)
 .debug_loc     0x0000059a       0x3c d:/iti/embedded c/discovery/tools/winavr_20100110/bin/../lib/gcc/avr/4.3.3/avr5\libgcc.a(_lt_sf.o)
 .debug_loc     0x000005d6       0xac d:/iti/embedded c/discovery/tools/winavr_20100110/bin/../lib/gcc/avr/4.3.3/avr5\libgcc.a(_si_to_sf.o)
 .debug_loc     0x00000682       0x7e d:/iti/embedded c/discovery/tools/winavr_20100110/bin/../lib/gcc/avr/4.3.3/avr5\libgcc.a(_sf_to_si.o)
 .debug_loc     0x00000700       0x4c d:/iti/embedded c/discovery/tools/winavr_20100110/bin/../lib/gcc/avr/4.3.3/avr5\libgcc.a(_usi_to_sf.o)
 .debug_loc     0x0000074c       0x94 d:/iti/embedded c/discovery/tools/winavr_20100110/bin/../lib/gcc/avr/4.3.3/avr5\libgcc.a(_clzsi2.o)
 .debug_loc     0x000007e0      0x13e d:/iti/embedded c/discovery/tools/winavr_20100110/bin/../lib/gcc/avr/4.3.3/avr5\libgcc.a(_pack_sf.o)
 .debug_loc     0x0000091e       0xac d:/iti/embedded c/discovery/tools/winavr_20100110/bin/../lib/gcc/avr/4.3.3/avr5\libgcc.a(_unpack_sf.o)
 .debug_loc     0x000009ca       0x50 d:/iti/embedded c/discovery/tools/winavr_20100110/bin/../lib/gcc/avr/4.3.3/avr5\libgcc.a(_fpcmp_parts_sf.o)

.debug_macinfo
 *(.debug_macinfo)
OUTPUT(Adc_Task1.elf elf32-avr)
LOAD linker stubs

.debug_ranges   0x00000000       0x50
 .debug_ranges  0x00000000       0x50 d:/iti/embedded c/discovery/tools/winavr_20100110/bin/../lib/gcc/avr/4.3.3/avr5\libgcc.a(_mul_sf.o)
