Archive member included because of file (symbol)

d:/iti/embedded c/discovery/tools/winavr_20100110/bin/../lib/gcc/avr/4.3.3/avr5\libgcc.a(_exit.o)
                              d:/iti/embedded c/discovery/tools/winavr_20100110/bin/../lib/gcc/avr/4.3.3/../../../../avr/lib/avr5/crtm32.o (exit)
d:/iti/embedded c/discovery/tools/winavr_20100110/bin/../lib/gcc/avr/4.3.3/avr5\libgcc.a(_copy_data.o)
                              ./Lcd.o (__do_copy_data)
d:/iti/embedded c/discovery/tools/winavr_20100110/bin/../lib/gcc/avr/4.3.3/avr5\libgcc.a(_fixunssfsi.o)
                              ./Lcd.o (__fixunssfsi)
d:/iti/embedded c/discovery/tools/winavr_20100110/bin/../lib/gcc/avr/4.3.3/avr5\libgcc.a(_addsub_sf.o)
                              d:/iti/embedded c/discovery/tools/winavr_20100110/bin/../lib/gcc/avr/4.3.3/avr5\libgcc.a(_fixunssfsi.o) (__subsf3)
d:/iti/embedded c/discovery/tools/winavr_20100110/bin/../lib/gcc/avr/4.3.3/avr5\libgcc.a(_mul_sf.o)
                              ./Lcd.o (__mulsf3)
d:/iti/embedded c/discovery/tools/winavr_20100110/bin/../lib/gcc/avr/4.3.3/avr5\libgcc.a(_gt_sf.o)
                              ./Lcd.o (__gtsf2)
d:/iti/embedded c/discovery/tools/winavr_20100110/bin/../lib/gcc/avr/4.3.3/avr5\libgcc.a(_ge_sf.o)
                              d:/iti/embedded c/discovery/tools/winavr_20100110/bin/../lib/gcc/avr/4.3.3/avr5\libgcc.a(_fixunssfsi.o) (__gesf2)
d:/iti/embedded c/discovery/tools/winavr_20100110/bin/../lib/gcc/avr/4.3.3/avr5\libgcc.a(_lt_sf.o)
                              ./Lcd.o (__ltsf2)
d:/iti/embedded c/discovery/tools/winavr_20100110/bin/../lib/gcc/avr/4.3.3/avr5\libgcc.a(_sf_to_si.o)
                              d:/iti/embedded c/discovery/tools/winavr_20100110/bin/../lib/gcc/avr/4.3.3/avr5\libgcc.a(_fixunssfsi.o) (__fixsfsi)
d:/iti/embedded c/discovery/tools/winavr_20100110/bin/../lib/gcc/avr/4.3.3/avr5\libgcc.a(_thenan_sf.o)
                              d:/iti/embedded c/discovery/tools/winavr_20100110/bin/../lib/gcc/avr/4.3.3/avr5\libgcc.a(_addsub_sf.o) (__thenan_sf)
d:/iti/embedded c/discovery/tools/winavr_20100110/bin/../lib/gcc/avr/4.3.3/avr5\libgcc.a(_prologue.o)
                              d:/iti/embedded c/discovery/tools/winavr_20100110/bin/../lib/gcc/avr/4.3.3/avr5\libgcc.a(_addsub_sf.o) (__prologue_saves__)
d:/iti/embedded c/discovery/tools/winavr_20100110/bin/../lib/gcc/avr/4.3.3/avr5\libgcc.a(_epilogue.o)
                              d:/iti/embedded c/discovery/tools/winavr_20100110/bin/../lib/gcc/avr/4.3.3/avr5\libgcc.a(_addsub_sf.o) (__epilogue_restores__)
d:/iti/embedded c/discovery/tools/winavr_20100110/bin/../lib/gcc/avr/4.3.3/avr5\libgcc.a(_pack_sf.o)
                              d:/iti/embedded c/discovery/tools/winavr_20100110/bin/../lib/gcc/avr/4.3.3/avr5\libgcc.a(_addsub_sf.o) (__pack_f)
d:/iti/embedded c/discovery/tools/winavr_20100110/bin/../lib/gcc/avr/4.3.3/avr5\libgcc.a(_unpack_sf.o)
                              d:/iti/embedded c/discovery/tools/winavr_20100110/bin/../lib/gcc/avr/4.3.3/avr5\libgcc.a(_addsub_sf.o) (__unpack_f)
d:/iti/embedded c/discovery/tools/winavr_20100110/bin/../lib/gcc/avr/4.3.3/avr5\libgcc.a(_fpcmp_parts_sf.o)
                              d:/iti/embedded c/discovery/tools/winavr_20100110/bin/../lib/gcc/avr/4.3.3/avr5\libgcc.a(_gt_sf.o) (__fpcmp_parts_f)
d:/iti/embedded c/discovery/tools/winavr_20100110/bin/../lib/gcc/avr/4.3.3/../../../../avr/lib/avr5\libc.a(malloc.o)
                              ./Lcd.o (malloc)
d:/iti/embedded c/discovery/tools/winavr_20100110/bin/../lib/gcc/avr/4.3.3/../../../../avr/lib/avr5\libc.a(snprintf.o)
                              ./Lcd.o (snprintf)
d:/iti/embedded c/discovery/tools/winavr_20100110/bin/../lib/gcc/avr/4.3.3/../../../../avr/lib/avr5\libc.a(vfprintf_std.o)
                              d:/iti/embedded c/discovery/tools/winavr_20100110/bin/../lib/gcc/avr/4.3.3/../../../../avr/lib/avr5\libc.a(snprintf.o) (vfprintf)
d:/iti/embedded c/discovery/tools/winavr_20100110/bin/../lib/gcc/avr/4.3.3/../../../../avr/lib/avr5\libc.a(strnlen_P.o)
                              d:/iti/embedded c/discovery/tools/winavr_20100110/bin/../lib/gcc/avr/4.3.3/../../../../avr/lib/avr5\libc.a(vfprintf_std.o) (strnlen_P)
d:/iti/embedded c/discovery/tools/winavr_20100110/bin/../lib/gcc/avr/4.3.3/../../../../avr/lib/avr5\libc.a(strnlen.o)
                              d:/iti/embedded c/discovery/tools/winavr_20100110/bin/../lib/gcc/avr/4.3.3/../../../../avr/lib/avr5\libc.a(vfprintf_std.o) (strnlen)
d:/iti/embedded c/discovery/tools/winavr_20100110/bin/../lib/gcc/avr/4.3.3/../../../../avr/lib/avr5\libc.a(fputc.o)
                              d:/iti/embedded c/discovery/tools/winavr_20100110/bin/../lib/gcc/avr/4.3.3/../../../../avr/lib/avr5\libc.a(vfprintf_std.o) (fputc)
d:/iti/embedded c/discovery/tools/winavr_20100110/bin/../lib/gcc/avr/4.3.3/../../../../avr/lib/avr5\libc.a(ultoa_invert.o)
                              d:/iti/embedded c/discovery/tools/winavr_20100110/bin/../lib/gcc/avr/4.3.3/../../../../avr/lib/avr5\libc.a(vfprintf_std.o) (__ultoa_invert)
d:/iti/embedded c/discovery/tools/winavr_20100110/bin/../lib/gcc/avr/4.3.3/avr5\libgcc.a(_clear_bss.o)
                              d:/iti/embedded c/discovery/tools/winavr_20100110/bin/../lib/gcc/avr/4.3.3/../../../../avr/lib/avr5\libc.a(malloc.o) (__do_clear_bss)

Allocating common symbols
Common symbol       size              file

__brkval            0x2               d:/iti/embedded c/discovery/tools/winavr_20100110/bin/../lib/gcc/avr/4.3.3/../../../../avr/lib/avr5\libc.a(malloc.o)
__flp               0x2               d:/iti/embedded c/discovery/tools/winavr_20100110/bin/../lib/gcc/avr/4.3.3/../../../../avr/lib/avr5\libc.a(malloc.o)

Memory Configuration

Name             Origin             Length             Attributes
text             0x00000000         0x00020000         xr
data             0x00800060         0x0000ffa0         rw !x
eeprom           0x00810000         0x00010000         rw !x
fuse             0x00820000         0x00000400         rw !x
lock             0x00830000         0x00000400         rw !x
signature        0x00840000         0x00000400         rw !x
*default*        0x00000000         0xffffffff

Linker script and memory map

LOAD d:/iti/embedded c/discovery/tools/winavr_20100110/bin/../lib/gcc/avr/4.3.3/../../../../avr/lib/avr5/crtm32.o
LOAD ./Dio.o
LOAD ./Lcd.o
LOAD ./Port.o
LOAD ./main.o
LOAD d:/iti/embedded c/discovery/tools/winavr_20100110/bin/../lib/gcc/avr/4.3.3/avr5\libgcc.a
LOAD d:/iti/embedded c/discovery/tools/winavr_20100110/bin/../lib/gcc/avr/4.3.3/../../../../avr/lib/avr5\libc.a
LOAD d:/iti/embedded c/discovery/tools/winavr_20100110/bin/../lib/gcc/avr/4.3.3/avr5\libgcc.a

.hash
 *(.hash)

.dynsym
 *(.dynsym)

.dynstr
 *(.dynstr)

.gnu.version
 *(.gnu.version)

.gnu.version_d
 *(.gnu.version_d)

.gnu.version_r
 *(.gnu.version_r)

.rel.init
 *(.rel.init)

.rela.init
 *(.rela.init)

.rel.text
 *(.rel.text)
 *(.rel.text.*)
 *(.rel.gnu.linkonce.t*)

.rela.text
 *(.rela.text)
 *(.rela.text.*)
 *(.rela.gnu.linkonce.t*)

.rel.fini
 *(.rel.fini)

.rela.fini
 *(.rela.fini)

.rel.rodata
 *(.rel.rodata)
 *(.rel.rodata.*)
 *(.rel.gnu.linkonce.r*)

.rela.rodata
 *(.rela.rodata)
 *(.rela.rodata.*)
 *(.rela.gnu.linkonce.r*)

.rel.data
 *(.rel.data)
 *(.rel.data.*)
 *(.rel.gnu.linkonce.d*)

.rela.data
 *(.rela.data)
 *(.rela.data.*)
 *(.rela.gnu.linkonce.d*)

.rel.ctors
 *(.rel.ctors)

.rela.ctors
 *(.rela.ctors)

.rel.dtors
 *(.rel.dtors)

.rela.dtors
 *(.rela.dtors)

.rel.got
 *(.rel.got)

.rela.got
 *(.rela.got)

.rel.bss
 *(.rel.bss)

.rela.bss
 *(.rela.bss)

.rel.plt
 *(.rel.plt)

.rela.plt
 *(.rela.plt)

.text           0x00000000     0x2d9c
 *(.vectors)
 .vectors       0x00000000       0x54 d:/iti/embedded c/discovery/tools/winavr_20100110/bin/../lib/gcc/avr/4.3.3/../../../../avr/lib/avr5/crtm32.o
                0x00000000                __vectors
                0x00000000                __vector_default
 *(.vectors)
 *(.progmem.gcc*)
 *(.progmem*)
                0x00000054                . = ALIGN (0x2)
                0x00000054                __trampolines_start = .
 *(.trampolines)
 .trampolines   0x00000054        0x0 linker stubs
 *(.trampolines*)
                0x00000054                __trampolines_end = .
 *(.jumptables)
 *(.jumptables*)
 *(.lowtext)
 *(.lowtext*)
                0x00000054                __ctors_start = .
 *(.ctors)
                0x00000054                __ctors_end = .
                0x00000054                __dtors_start = .
 *(.dtors)
                0x00000054                __dtors_end = .
 SORT(*)(.ctors)
 SORT(*)(.dtors)
 *(.init0)
 .init0         0x00000054        0x0 d:/iti/embedded c/discovery/tools/winavr_20100110/bin/../lib/gcc/avr/4.3.3/../../../../avr/lib/avr5/crtm32.o
                0x00000054                __init
 *(.init0)
 *(.init1)
 *(.init1)
 *(.init2)
 .init2         0x00000054        0xc d:/iti/embedded c/discovery/tools/winavr_20100110/bin/../lib/gcc/avr/4.3.3/../../../../avr/lib/avr5/crtm32.o
 *(.init2)
 *(.init3)
 *(.init3)
 *(.init4)
 .init4         0x00000060       0x16 d:/iti/embedded c/discovery/tools/winavr_20100110/bin/../lib/gcc/avr/4.3.3/avr5\libgcc.a(_copy_data.o)
                0x00000060                __do_copy_data
 .init4         0x00000076       0x10 d:/iti/embedded c/discovery/tools/winavr_20100110/bin/../lib/gcc/avr/4.3.3/avr5\libgcc.a(_clear_bss.o)
                0x00000076                __do_clear_bss
 *(.init4)
 *(.init5)
 *(.init5)
 *(.init6)
 *(.init6)
 *(.init7)
 *(.init7)
 *(.init8)
 *(.init8)
 *(.init9)
 .init9         0x00000086        0x8 d:/iti/embedded c/discovery/tools/winavr_20100110/bin/../lib/gcc/avr/4.3.3/../../../../avr/lib/avr5/crtm32.o
 *(.init9)
 *(.text)
 .text          0x0000008e        0x4 d:/iti/embedded c/discovery/tools/winavr_20100110/bin/../lib/gcc/avr/4.3.3/../../../../avr/lib/avr5/crtm32.o
                0x0000008e                __vector_1
                0x0000008e                __vector_12
                0x0000008e                __bad_interrupt
                0x0000008e                __vector_6
                0x0000008e                __vector_3
                0x0000008e                __vector_11
                0x0000008e                __vector_13
                0x0000008e                __vector_17
                0x0000008e                __vector_19
                0x0000008e                __vector_7
                0x0000008e                __vector_5
                0x0000008e                __vector_4
                0x0000008e                __vector_9
                0x0000008e                __vector_2
                0x0000008e                __vector_15
                0x0000008e                __vector_8
                0x0000008e                __vector_14
                0x0000008e                __vector_10
                0x0000008e                __vector_16
                0x0000008e                __vector_18
                0x0000008e                __vector_20
 .text          0x00000092        0x0 ./Dio.o
 .text          0x00000092        0x0 ./Lcd.o
 .text          0x00000092        0x0 ./Port.o
 .text          0x00000092        0x0 ./main.o
 .text          0x00000092        0x0 d:/iti/embedded c/discovery/tools/winavr_20100110/bin/../lib/gcc/avr/4.3.3/avr5\libgcc.a(_exit.o)
 .text          0x00000092        0x0 d:/iti/embedded c/discovery/tools/winavr_20100110/bin/../lib/gcc/avr/4.3.3/avr5\libgcc.a(_copy_data.o)
 .text          0x00000092       0x58 d:/iti/embedded c/discovery/tools/winavr_20100110/bin/../lib/gcc/avr/4.3.3/avr5\libgcc.a(_fixunssfsi.o)
                0x00000092                __fixunssfsi
 .text          0x000000ea      0x354 d:/iti/embedded c/discovery/tools/winavr_20100110/bin/../lib/gcc/avr/4.3.3/avr5\libgcc.a(_addsub_sf.o)
                0x00000382                __subsf3
                0x000003e4                __addsf3
 .text          0x0000043e      0x1f4 d:/iti/embedded c/discovery/tools/winavr_20100110/bin/../lib/gcc/avr/4.3.3/avr5\libgcc.a(_mul_sf.o)
                0x0000043e                __mulsf3
 .text          0x00000632       0x60 d:/iti/embedded c/discovery/tools/winavr_20100110/bin/../lib/gcc/avr/4.3.3/avr5\libgcc.a(_gt_sf.o)
                0x00000632                __gtsf2
 .text          0x00000692       0x60 d:/iti/embedded c/discovery/tools/winavr_20100110/bin/../lib/gcc/avr/4.3.3/avr5\libgcc.a(_ge_sf.o)
                0x00000692                __gesf2
 .text          0x000006f2       0x60 d:/iti/embedded c/discovery/tools/winavr_20100110/bin/../lib/gcc/avr/4.3.3/avr5\libgcc.a(_lt_sf.o)
                0x000006f2                __ltsf2
 .text          0x00000752       0xa8 d:/iti/embedded c/discovery/tools/winavr_20100110/bin/../lib/gcc/avr/4.3.3/avr5\libgcc.a(_sf_to_si.o)
                0x00000752                __fixsfsi
 .text          0x000007fa        0x0 d:/iti/embedded c/discovery/tools/winavr_20100110/bin/../lib/gcc/avr/4.3.3/avr5\libgcc.a(_thenan_sf.o)
 .text          0x000007fa        0x0 d:/iti/embedded c/discovery/tools/winavr_20100110/bin/../lib/gcc/avr/4.3.3/avr5\libgcc.a(_prologue.o)
 .text          0x000007fa        0x0 d:/iti/embedded c/discovery/tools/winavr_20100110/bin/../lib/gcc/avr/4.3.3/avr5\libgcc.a(_epilogue.o)
 .text          0x000007fa      0x1aa d:/iti/embedded c/discovery/tools/winavr_20100110/bin/../lib/gcc/avr/4.3.3/avr5\libgcc.a(_pack_sf.o)
                0x000007fa                __pack_f
 .text          0x000009a4       0xf0 d:/iti/embedded c/discovery/tools/winavr_20100110/bin/../lib/gcc/avr/4.3.3/avr5\libgcc.a(_unpack_sf.o)
                0x000009a4                __unpack_f
 .text          0x00000a94       0xb2 d:/iti/embedded c/discovery/tools/winavr_20100110/bin/../lib/gcc/avr/4.3.3/avr5\libgcc.a(_fpcmp_parts_sf.o)
                0x00000a94                __fpcmp_parts_f
 .text          0x00000b46        0x0 d:/iti/embedded c/discovery/tools/winavr_20100110/bin/../lib/gcc/avr/4.3.3/../../../../avr/lib/avr5\libc.a(malloc.o)
 .text          0x00000b46        0x0 d:/iti/embedded c/discovery/tools/winavr_20100110/bin/../lib/gcc/avr/4.3.3/../../../../avr/lib/avr5\libc.a(snprintf.o)
 .text          0x00000b46        0x0 d:/iti/embedded c/discovery/tools/winavr_20100110/bin/../lib/gcc/avr/4.3.3/../../../../avr/lib/avr5\libc.a(vfprintf_std.o)
 .text          0x00000b46        0x0 d:/iti/embedded c/discovery/tools/winavr_20100110/bin/../lib/gcc/avr/4.3.3/../../../../avr/lib/avr5\libc.a(strnlen_P.o)
 .text          0x00000b46        0x0 d:/iti/embedded c/discovery/tools/winavr_20100110/bin/../lib/gcc/avr/4.3.3/../../../../avr/lib/avr5\libc.a(strnlen.o)
 .text          0x00000b46        0x0 d:/iti/embedded c/discovery/tools/winavr_20100110/bin/../lib/gcc/avr/4.3.3/../../../../avr/lib/avr5\libc.a(fputc.o)
 .text          0x00000b46        0x0 d:/iti/embedded c/discovery/tools/winavr_20100110/bin/../lib/gcc/avr/4.3.3/../../../../avr/lib/avr5\libc.a(ultoa_invert.o)
 .text          0x00000b46        0x0 d:/iti/embedded c/discovery/tools/winavr_20100110/bin/../lib/gcc/avr/4.3.3/avr5\libgcc.a(_clear_bss.o)
                0x00000b46                . = ALIGN (0x2)
 *(.text.*)
 .text.DIO_enuWriteChannel
                0x00000b46      0x1fe ./Dio.o
                0x00000b46                DIO_enuWriteChannel
 .text.DIO_enuReadChannel
                0x00000d44      0x12c ./Dio.o
                0x00000d44                DIO_enuReadChannel
 .text.DIO_enuWritePort
                0x00000e70       0x96 ./Dio.o
                0x00000e70                DIO_enuWritePort
 .text.DIO_enuReadPort
                0x00000f06       0xaa ./Dio.o
                0x00000f06                DIO_enuReadPort
 .text.DIO_enuFlipChannel
                0x00000fb0      0x11e ./Dio.o
                0x00000fb0                DIO_enuFlipChannel
 .text.Lcd_vidInit
                0x000010ce      0x3e6 ./Lcd.o
                0x000010ce                Lcd_vidInit
 .text.Lcd_vidSendCommand
                0x000014b4      0x258 ./Lcd.o
                0x000014b4                Lcd_vidSendCommand
 .text.Lcd_vidDisplayCharacter
                0x0000170c      0x258 ./Lcd.o
                0x0000170c                Lcd_vidDisplayCharacter
 .text.Lcd_vidCreateCustomCharacter
                0x00001964       0x4a ./Lcd.o
                0x00001964                Lcd_vidCreateCustomCharacter
 .text.Lcd_vidDisplayNumber
                0x000019ae       0xf4 ./Lcd.o
                0x000019ae                Lcd_vidDisplayNumber
 .text.Lcd_vidGoTo
                0x00001aa2      0x118 ./Lcd.o
                0x00001aa2                Lcd_vidGoTo
 .text.Lcd_vidDisplayString
                0x00001bba       0x38 ./Lcd.o
                0x00001bba                Lcd_vidDisplayString
 .text.Port_enuSetPinDirection
                0x00001bf2      0x1fe ./Port.o
                0x00001bf2                Port_enuSetPinDirection
 .text.Port_enuSetPinMode
                0x00001df0      0x69c ./Port.o
                0x00001df0                Port_enuSetPinMode
 .text.main     0x0000248c      0x138 ./main.o
                0x0000248c                main
 .text.libgcc   0x000025c4        0x0 d:/iti/embedded c/discovery/tools/winavr_20100110/bin/../lib/gcc/avr/4.3.3/avr5\libgcc.a(_exit.o)
 .text.libgcc   0x000025c4        0x0 d:/iti/embedded c/discovery/tools/winavr_20100110/bin/../lib/gcc/avr/4.3.3/avr5\libgcc.a(_copy_data.o)
 .text.libgcc   0x000025c4       0x38 d:/iti/embedded c/discovery/tools/winavr_20100110/bin/../lib/gcc/avr/4.3.3/avr5\libgcc.a(_prologue.o)
                0x000025c4                __prologue_saves__
 .text.libgcc   0x000025fc       0x36 d:/iti/embedded c/discovery/tools/winavr_20100110/bin/../lib/gcc/avr/4.3.3/avr5\libgcc.a(_epilogue.o)
                0x000025fc                __epilogue_restores__
 .text.avr-libc
                0x00002632      0x20a d:/iti/embedded c/discovery/tools/winavr_20100110/bin/../lib/gcc/avr/4.3.3/../../../../avr/lib/avr5\libc.a(malloc.o)
                0x00002632                malloc
                0x0000278c                free
 .text.avr-libc
                0x0000283c       0x62 d:/iti/embedded c/discovery/tools/winavr_20100110/bin/../lib/gcc/avr/4.3.3/../../../../avr/lib/avr5\libc.a(snprintf.o)
                0x0000283c                snprintf
 .text.avr-libc
                0x0000289e      0x3ba d:/iti/embedded c/discovery/tools/winavr_20100110/bin/../lib/gcc/avr/4.3.3/../../../../avr/lib/avr5\libc.a(vfprintf_std.o)
                0x0000289e                vfprintf
 .text.avr-libc
                0x00002c58       0x16 d:/iti/embedded c/discovery/tools/winavr_20100110/bin/../lib/gcc/avr/4.3.3/../../../../avr/lib/avr5\libc.a(strnlen_P.o)
                0x00002c58                strnlen_P
 .text.avr-libc
                0x00002c6e       0x16 d:/iti/embedded c/discovery/tools/winavr_20100110/bin/../lib/gcc/avr/4.3.3/../../../../avr/lib/avr5\libc.a(strnlen.o)
                0x00002c6e                strnlen
 .text.avr-libc
                0x00002c84       0x58 d:/iti/embedded c/discovery/tools/winavr_20100110/bin/../lib/gcc/avr/4.3.3/../../../../avr/lib/avr5\libc.a(fputc.o)
                0x00002c84                fputc
 .text.avr-libc
                0x00002cdc       0xbc d:/iti/embedded c/discovery/tools/winavr_20100110/bin/../lib/gcc/avr/4.3.3/../../../../avr/lib/avr5\libc.a(ultoa_invert.o)
                0x00002cdc                __ultoa_invert
 .text.libgcc   0x00002d98        0x0 d:/iti/embedded c/discovery/tools/winavr_20100110/bin/../lib/gcc/avr/4.3.3/avr5\libgcc.a(_clear_bss.o)
                0x00002d98                . = ALIGN (0x2)
 *(.fini9)
 .fini9         0x00002d98        0x0 d:/iti/embedded c/discovery/tools/winavr_20100110/bin/../lib/gcc/avr/4.3.3/avr5\libgcc.a(_exit.o)
                0x00002d98                exit
                0x00002d98                _exit
 *(.fini9)
 *(.fini8)
 *(.fini8)
 *(.fini7)
 *(.fini7)
 *(.fini6)
 *(.fini6)
 *(.fini5)
 *(.fini5)
 *(.fini4)
 *(.fini4)
 *(.fini3)
 *(.fini3)
 *(.fini2)
 *(.fini2)
 *(.fini1)
 *(.fini1)
 *(.fini0)
 .fini0         0x00002d98        0x4 d:/iti/embedded c/discovery/tools/winavr_20100110/bin/../lib/gcc/avr/4.3.3/avr5\libgcc.a(_exit.o)
 *(.fini0)
                0x00002d9c                _etext = .

.data           0x00800060       0x12 load address 0x00002d9c
                0x00800060                PROVIDE (__data_start, .)
 *(.data)
 .data          0x00800060        0x0 d:/iti/embedded c/discovery/tools/winavr_20100110/bin/../lib/gcc/avr/4.3.3/../../../../avr/lib/avr5/crtm32.o
 .data          0x00800060        0x0 ./Dio.o
 .data          0x00800060        0x4 ./Lcd.o
 .data          0x00800064        0x0 ./Port.o
 .data          0x00800064        0x0 ./main.o
 .data          0x00800064        0x0 d:/iti/embedded c/discovery/tools/winavr_20100110/bin/../lib/gcc/avr/4.3.3/avr5\libgcc.a(_exit.o)
 .data          0x00800064        0x0 d:/iti/embedded c/discovery/tools/winavr_20100110/bin/../lib/gcc/avr/4.3.3/avr5\libgcc.a(_copy_data.o)
 .data          0x00800064        0x0 d:/iti/embedded c/discovery/tools/winavr_20100110/bin/../lib/gcc/avr/4.3.3/avr5\libgcc.a(_fixunssfsi.o)
 .data          0x00800064        0x0 d:/iti/embedded c/discovery/tools/winavr_20100110/bin/../lib/gcc/avr/4.3.3/avr5\libgcc.a(_addsub_sf.o)
 .data          0x00800064        0x0 d:/iti/embedded c/discovery/tools/winavr_20100110/bin/../lib/gcc/avr/4.3.3/avr5\libgcc.a(_mul_sf.o)
 .data          0x00800064        0x0 d:/iti/embedded c/discovery/tools/winavr_20100110/bin/../lib/gcc/avr/4.3.3/avr5\libgcc.a(_gt_sf.o)
 .data          0x00800064        0x0 d:/iti/embedded c/discovery/tools/winavr_20100110/bin/../lib/gcc/avr/4.3.3/avr5\libgcc.a(_ge_sf.o)
 .data          0x00800064        0x0 d:/iti/embedded c/discovery/tools/winavr_20100110/bin/../lib/gcc/avr/4.3.3/avr5\libgcc.a(_lt_sf.o)
 .data          0x00800064        0x0 d:/iti/embedded c/discovery/tools/winavr_20100110/bin/../lib/gcc/avr/4.3.3/avr5\libgcc.a(_sf_to_si.o)
 .data          0x00800064        0x8 d:/iti/embedded c/discovery/tools/winavr_20100110/bin/../lib/gcc/avr/4.3.3/avr5\libgcc.a(_thenan_sf.o)
                0x00800064                __thenan_sf
 .data          0x0080006c        0x0 d:/iti/embedded c/discovery/tools/winavr_20100110/bin/../lib/gcc/avr/4.3.3/avr5\libgcc.a(_prologue.o)
 .data          0x0080006c        0x0 d:/iti/embedded c/discovery/tools/winavr_20100110/bin/../lib/gcc/avr/4.3.3/avr5\libgcc.a(_epilogue.o)
 .data          0x0080006c        0x0 d:/iti/embedded c/discovery/tools/winavr_20100110/bin/../lib/gcc/avr/4.3.3/avr5\libgcc.a(_pack_sf.o)
 .data          0x0080006c        0x0 d:/iti/embedded c/discovery/tools/winavr_20100110/bin/../lib/gcc/avr/4.3.3/avr5\libgcc.a(_unpack_sf.o)
 .data          0x0080006c        0x0 d:/iti/embedded c/discovery/tools/winavr_20100110/bin/../lib/gcc/avr/4.3.3/avr5\libgcc.a(_fpcmp_parts_sf.o)
 .data          0x0080006c        0x6 d:/iti/embedded c/discovery/tools/winavr_20100110/bin/../lib/gcc/avr/4.3.3/../../../../avr/lib/avr5\libc.a(malloc.o)
                0x0080006e                __malloc_heap_start
                0x00800070                __malloc_heap_end
                0x0080006c                __malloc_margin
 .data          0x00800072        0x0 d:/iti/embedded c/discovery/tools/winavr_20100110/bin/../lib/gcc/avr/4.3.3/../../../../avr/lib/avr5\libc.a(snprintf.o)
 .data          0x00800072        0x0 d:/iti/embedded c/discovery/tools/winavr_20100110/bin/../lib/gcc/avr/4.3.3/../../../../avr/lib/avr5\libc.a(vfprintf_std.o)
 .data          0x00800072        0x0 d:/iti/embedded c/discovery/tools/winavr_20100110/bin/../lib/gcc/avr/4.3.3/../../../../avr/lib/avr5\libc.a(strnlen_P.o)
 .data          0x00800072        0x0 d:/iti/embedded c/discovery/tools/winavr_20100110/bin/../lib/gcc/avr/4.3.3/../../../../avr/lib/avr5\libc.a(strnlen.o)
 .data          0x00800072        0x0 d:/iti/embedded c/discovery/tools/winavr_20100110/bin/../lib/gcc/avr/4.3.3/../../../../avr/lib/avr5\libc.a(fputc.o)
 .data          0x00800072        0x0 d:/iti/embedded c/discovery/tools/winavr_20100110/bin/../lib/gcc/avr/4.3.3/../../../../avr/lib/avr5\libc.a(ultoa_invert.o)
 .data          0x00800072        0x0 d:/iti/embedded c/discovery/tools/winavr_20100110/bin/../lib/gcc/avr/4.3.3/avr5\libgcc.a(_clear_bss.o)
 *(.data*)
 *(.rodata)
 *(.rodata*)
 *(.gnu.linkonce.d*)
                0x00800072                . = ALIGN (0x2)
                0x00800072                _edata = .
                0x00800072                PROVIDE (__data_end, .)

.bss            0x00800072        0x4
                0x00800072                PROVIDE (__bss_start, .)
 *(.bss)
 .bss           0x00800072        0x0 d:/iti/embedded c/discovery/tools/winavr_20100110/bin/../lib/gcc/avr/4.3.3/../../../../avr/lib/avr5/crtm32.o
 .bss           0x00800072        0x0 ./Dio.o
 .bss           0x00800072        0x0 ./Lcd.o
 .bss           0x00800072        0x0 ./Port.o
 .bss           0x00800072        0x0 ./main.o
 .bss           0x00800072        0x0 d:/iti/embedded c/discovery/tools/winavr_20100110/bin/../lib/gcc/avr/4.3.3/avr5\libgcc.a(_exit.o)
 .bss           0x00800072        0x0 d:/iti/embedded c/discovery/tools/winavr_20100110/bin/../lib/gcc/avr/4.3.3/avr5\libgcc.a(_copy_data.o)
 .bss           0x00800072        0x0 d:/iti/embedded c/discovery/tools/winavr_20100110/bin/../lib/gcc/avr/4.3.3/avr5\libgcc.a(_fixunssfsi.o)
 .bss           0x00800072        0x0 d:/iti/embedded c/discovery/tools/winavr_20100110/bin/../lib/gcc/avr/4.3.3/avr5\libgcc.a(_addsub_sf.o)
 .bss           0x00800072        0x0 d:/iti/embedded c/discovery/tools/winavr_20100110/bin/../lib/gcc/avr/4.3.3/avr5\libgcc.a(_mul_sf.o)
 .bss           0x00800072        0x0 d:/iti/embedded c/discovery/tools/winavr_20100110/bin/../lib/gcc/avr/4.3.3/avr5\libgcc.a(_gt_sf.o)
 .bss           0x00800072        0x0 d:/iti/embedded c/discovery/tools/winavr_20100110/bin/../lib/gcc/avr/4.3.3/avr5\libgcc.a(_ge_sf.o)
 .bss           0x00800072        0x0 d:/iti/embedded c/discovery/tools/winavr_20100110/bin/../lib/gcc/avr/4.3.3/avr5\libgcc.a(_lt_sf.o)
 .bss           0x00800072        0x0 d:/iti/embedded c/discovery/tools/winavr_20100110/bin/../lib/gcc/avr/4.3.3/avr5\libgcc.a(_sf_to_si.o)
 .bss           0x00800072        0x0 d:/iti/embedded c/discovery/tools/winavr_20100110/bin/../lib/gcc/avr/4.3.3/avr5\libgcc.a(_thenan_sf.o)
 .bss           0x00800072        0x0 d:/iti/embedded c/discovery/tools/winavr_20100110/bin/../lib/gcc/avr/4.3.3/avr5\libgcc.a(_prologue.o)
 .bss           0x00800072        0x0 d:/iti/embedded c/discovery/tools/winavr_20100110/bin/../lib/gcc/avr/4.3.3/avr5\libgcc.a(_epilogue.o)
 .bss           0x00800072        0x0 d:/iti/embedded c/discovery/tools/winavr_20100110/bin/../lib/gcc/avr/4.3.3/avr5\libgcc.a(_pack_sf.o)
 .bss           0x00800072        0x0 d:/iti/embedded c/discovery/tools/winavr_20100110/bin/../lib/gcc/avr/4.3.3/avr5\libgcc.a(_unpack_sf.o)
 .bss           0x00800072        0x0 d:/iti/embedded c/discovery/tools/winavr_20100110/bin/../lib/gcc/avr/4.3.3/avr5\libgcc.a(_fpcmp_parts_sf.o)
 .bss           0x00800072        0x0 d:/iti/embedded c/discovery/tools/winavr_20100110/bin/../lib/gcc/avr/4.3.3/../../../../avr/lib/avr5\libc.a(malloc.o)
 .bss           0x00800072        0x0 d:/iti/embedded c/discovery/tools/winavr_20100110/bin/../lib/gcc/avr/4.3.3/../../../../avr/lib/avr5\libc.a(snprintf.o)
 .bss           0x00800072        0x0 d:/iti/embedded c/discovery/tools/winavr_20100110/bin/../lib/gcc/avr/4.3.3/../../../../avr/lib/avr5\libc.a(vfprintf_std.o)
 .bss           0x00800072        0x0 d:/iti/embedded c/discovery/tools/winavr_20100110/bin/../lib/gcc/avr/4.3.3/../../../../avr/lib/avr5\libc.a(strnlen_P.o)
 .bss           0x00800072        0x0 d:/iti/embedded c/discovery/tools/winavr_20100110/bin/../lib/gcc/avr/4.3.3/../../../../avr/lib/avr5\libc.a(strnlen.o)
 .bss           0x00800072        0x0 d:/iti/embedded c/discovery/tools/winavr_20100110/bin/../lib/gcc/avr/4.3.3/../../../../avr/lib/avr5\libc.a(fputc.o)
 .bss           0x00800072        0x0 d:/iti/embedded c/discovery/tools/winavr_20100110/bin/../lib/gcc/avr/4.3.3/../../../../avr/lib/avr5\libc.a(ultoa_invert.o)
 .bss           0x00800072        0x0 d:/iti/embedded c/discovery/tools/winavr_20100110/bin/../lib/gcc/avr/4.3.3/avr5\libgcc.a(_clear_bss.o)
 *(.bss*)
 *(COMMON)
 COMMON         0x00800072        0x4 d:/iti/embedded c/discovery/tools/winavr_20100110/bin/../lib/gcc/avr/4.3.3/../../../../avr/lib/avr5\libc.a(malloc.o)
                0x00800072                __brkval
                0x00800074                __flp
                0x00800076                PROVIDE (__bss_end, .)
                0x00002d9c                __data_load_start = LOADADDR (.data)
                0x00002dae                __data_load_end = (__data_load_start + SIZEOF (.data))

.noinit         0x00800076        0x0
                0x00800076                PROVIDE (__noinit_start, .)
 *(.noinit*)
                0x00800076                PROVIDE (__noinit_end, .)
                0x00800076                _end = .
                0x00800076                PROVIDE (__heap_start, .)

.eeprom         0x00810000        0x0
 *(.eeprom*)
                0x00810000                __eeprom_end = .

.fuse
 *(.fuse)
 *(.lfuse)
 *(.hfuse)
 *(.efuse)

.lock
 *(.lock*)

.signature
 *(.signature*)

.stab           0x00000000     0x1ca4
 *(.stab)
 .stab          0x00000000      0x8a0 ./Dio.o
 .stab          0x000008a0      0xc54 ./Lcd.o
                                0xea0 (size before relaxing)
 .stab          0x000014f4      0x534 ./Port.o
                                0x7b0 (size before relaxing)
 .stab          0x00001a28      0x27c ./main.o
                                0x4b0 (size before relaxing)

.stabstr        0x00000000     0x1095
 *(.stabstr)
 .stabstr       0x00000000     0x1095 ./Dio.o

.stab.excl
 *(.stab.excl)

.stab.exclstr
 *(.stab.exclstr)

.stab.index
 *(.stab.index)

.stab.indexstr
 *(.stab.indexstr)

.comment
 *(.comment)

.debug
 *(.debug)

.line
 *(.line)

.debug_srcinfo
 *(.debug_srcinfo)

.debug_sfnames
 *(.debug_sfnames)

.debug_aranges  0x00000000      0x140
 *(.debug_aranges)
 .debug_aranges
                0x00000000       0x20 d:/iti/embedded c/discovery/tools/winavr_20100110/bin/../lib/gcc/avr/4.3.3/avr5\libgcc.a(_fixunssfsi.o)
 .debug_aranges
                0x00000020       0x20 d:/iti/embedded c/discovery/tools/winavr_20100110/bin/../lib/gcc/avr/4.3.3/avr5\libgcc.a(_addsub_sf.o)
 .debug_aranges
                0x00000040       0x20 d:/iti/embedded c/discovery/tools/winavr_20100110/bin/../lib/gcc/avr/4.3.3/avr5\libgcc.a(_mul_sf.o)
 .debug_aranges
                0x00000060       0x20 d:/iti/embedded c/discovery/tools/winavr_20100110/bin/../lib/gcc/avr/4.3.3/avr5\libgcc.a(_gt_sf.o)
 .debug_aranges
                0x00000080       0x20 d:/iti/embedded c/discovery/tools/winavr_20100110/bin/../lib/gcc/avr/4.3.3/avr5\libgcc.a(_ge_sf.o)
 .debug_aranges
                0x000000a0       0x20 d:/iti/embedded c/discovery/tools/winavr_20100110/bin/../lib/gcc/avr/4.3.3/avr5\libgcc.a(_lt_sf.o)
 .debug_aranges
                0x000000c0       0x20 d:/iti/embedded c/discovery/tools/winavr_20100110/bin/../lib/gcc/avr/4.3.3/avr5\libgcc.a(_sf_to_si.o)
 .debug_aranges
                0x000000e0       0x20 d:/iti/embedded c/discovery/tools/winavr_20100110/bin/../lib/gcc/avr/4.3.3/avr5\libgcc.a(_pack_sf.o)
 .debug_aranges
                0x00000100       0x20 d:/iti/embedded c/discovery/tools/winavr_20100110/bin/../lib/gcc/avr/4.3.3/avr5\libgcc.a(_unpack_sf.o)
 .debug_aranges
                0x00000120       0x20 d:/iti/embedded c/discovery/tools/winavr_20100110/bin/../lib/gcc/avr/4.3.3/avr5\libgcc.a(_fpcmp_parts_sf.o)

.debug_pubnames
                0x00000000      0x170
 *(.debug_pubnames)
 .debug_pubnames
                0x00000000       0x23 d:/iti/embedded c/discovery/tools/winavr_20100110/bin/../lib/gcc/avr/4.3.3/avr5\libgcc.a(_fixunssfsi.o)
 .debug_pubnames
                0x00000023       0x2c d:/iti/embedded c/discovery/tools/winavr_20100110/bin/../lib/gcc/avr/4.3.3/avr5\libgcc.a(_addsub_sf.o)
 .debug_pubnames
                0x0000004f       0x1f d:/iti/embedded c/discovery/tools/winavr_20100110/bin/../lib/gcc/avr/4.3.3/avr5\libgcc.a(_mul_sf.o)
 .debug_pubnames
                0x0000006e       0x1e d:/iti/embedded c/discovery/tools/winavr_20100110/bin/../lib/gcc/avr/4.3.3/avr5\libgcc.a(_gt_sf.o)
 .debug_pubnames
                0x0000008c       0x1e d:/iti/embedded c/discovery/tools/winavr_20100110/bin/../lib/gcc/avr/4.3.3/avr5\libgcc.a(_ge_sf.o)
 .debug_pubnames
                0x000000aa       0x1e d:/iti/embedded c/discovery/tools/winavr_20100110/bin/../lib/gcc/avr/4.3.3/avr5\libgcc.a(_lt_sf.o)
 .debug_pubnames
                0x000000c8       0x20 d:/iti/embedded c/discovery/tools/winavr_20100110/bin/../lib/gcc/avr/4.3.3/avr5\libgcc.a(_sf_to_si.o)
 .debug_pubnames
                0x000000e8       0x22 d:/iti/embedded c/discovery/tools/winavr_20100110/bin/../lib/gcc/avr/4.3.3/avr5\libgcc.a(_thenan_sf.o)
 .debug_pubnames
                0x0000010a       0x1f d:/iti/embedded c/discovery/tools/winavr_20100110/bin/../lib/gcc/avr/4.3.3/avr5\libgcc.a(_pack_sf.o)
 .debug_pubnames
                0x00000129       0x21 d:/iti/embedded c/discovery/tools/winavr_20100110/bin/../lib/gcc/avr/4.3.3/avr5\libgcc.a(_unpack_sf.o)
 .debug_pubnames
                0x0000014a       0x26 d:/iti/embedded c/discovery/tools/winavr_20100110/bin/../lib/gcc/avr/4.3.3/avr5\libgcc.a(_fpcmp_parts_sf.o)

.debug_info     0x00000000     0x1c49
 *(.debug_info)
 .debug_info    0x00000000       0xb1 d:/iti/embedded c/discovery/tools/winavr_20100110/bin/../lib/gcc/avr/4.3.3/avr5\libgcc.a(_fixunssfsi.o)
 .debug_info    0x000000b1      0x47a d:/iti/embedded c/discovery/tools/winavr_20100110/bin/../lib/gcc/avr/4.3.3/avr5\libgcc.a(_addsub_sf.o)
 .debug_info    0x0000052b      0x485 d:/iti/embedded c/discovery/tools/winavr_20100110/bin/../lib/gcc/avr/4.3.3/avr5\libgcc.a(_mul_sf.o)
 .debug_info    0x000009b0      0x27f d:/iti/embedded c/discovery/tools/winavr_20100110/bin/../lib/gcc/avr/4.3.3/avr5\libgcc.a(_gt_sf.o)
 .debug_info    0x00000c2f      0x27f d:/iti/embedded c/discovery/tools/winavr_20100110/bin/../lib/gcc/avr/4.3.3/avr5\libgcc.a(_ge_sf.o)
 .debug_info    0x00000eae      0x27f d:/iti/embedded c/discovery/tools/winavr_20100110/bin/../lib/gcc/avr/4.3.3/avr5\libgcc.a(_lt_sf.o)
 .debug_info    0x0000112d      0x2b0 d:/iti/embedded c/discovery/tools/winavr_20100110/bin/../lib/gcc/avr/4.3.3/avr5\libgcc.a(_sf_to_si.o)
 .debug_info    0x000013dd      0x12c d:/iti/embedded c/discovery/tools/winavr_20100110/bin/../lib/gcc/avr/4.3.3/avr5\libgcc.a(_thenan_sf.o)
 .debug_info    0x00001509      0x2df d:/iti/embedded c/discovery/tools/winavr_20100110/bin/../lib/gcc/avr/4.3.3/avr5\libgcc.a(_pack_sf.o)
 .debug_info    0x000017e8      0x251 d:/iti/embedded c/discovery/tools/winavr_20100110/bin/../lib/gcc/avr/4.3.3/avr5\libgcc.a(_unpack_sf.o)
 .debug_info    0x00001a39      0x210 d:/iti/embedded c/discovery/tools/winavr_20100110/bin/../lib/gcc/avr/4.3.3/avr5\libgcc.a(_fpcmp_parts_sf.o)
 *(.gnu.linkonce.wi.*)

.debug_abbrev   0x00000000      0xeeb
 *(.debug_abbrev)
 .debug_abbrev  0x00000000       0x5d d:/iti/embedded c/discovery/tools/winavr_20100110/bin/../lib/gcc/avr/4.3.3/avr5\libgcc.a(_fixunssfsi.o)
 .debug_abbrev  0x0000005d      0x1ea d:/iti/embedded c/discovery/tools/winavr_20100110/bin/../lib/gcc/avr/4.3.3/avr5\libgcc.a(_addsub_sf.o)
 .debug_abbrev  0x00000247      0x21b d:/iti/embedded c/discovery/tools/winavr_20100110/bin/../lib/gcc/avr/4.3.3/avr5\libgcc.a(_mul_sf.o)
 .debug_abbrev  0x00000462      0x15a d:/iti/embedded c/discovery/tools/winavr_20100110/bin/../lib/gcc/avr/4.3.3/avr5\libgcc.a(_gt_sf.o)
 .debug_abbrev  0x000005bc      0x15a d:/iti/embedded c/discovery/tools/winavr_20100110/bin/../lib/gcc/avr/4.3.3/avr5\libgcc.a(_ge_sf.o)
 .debug_abbrev  0x00000716      0x15a d:/iti/embedded c/discovery/tools/winavr_20100110/bin/../lib/gcc/avr/4.3.3/avr5\libgcc.a(_lt_sf.o)
 .debug_abbrev  0x00000870      0x17f d:/iti/embedded c/discovery/tools/winavr_20100110/bin/../lib/gcc/avr/4.3.3/avr5\libgcc.a(_sf_to_si.o)
 .debug_abbrev  0x000009ef       0xad d:/iti/embedded c/discovery/tools/winavr_20100110/bin/../lib/gcc/avr/4.3.3/avr5\libgcc.a(_thenan_sf.o)
 .debug_abbrev  0x00000a9c      0x1c0 d:/iti/embedded c/discovery/tools/winavr_20100110/bin/../lib/gcc/avr/4.3.3/avr5\libgcc.a(_pack_sf.o)
 .debug_abbrev  0x00000c5c      0x154 d:/iti/embedded c/discovery/tools/winavr_20100110/bin/../lib/gcc/avr/4.3.3/avr5\libgcc.a(_unpack_sf.o)
 .debug_abbrev  0x00000db0      0x13b d:/iti/embedded c/discovery/tools/winavr_20100110/bin/../lib/gcc/avr/4.3.3/avr5\libgcc.a(_fpcmp_parts_sf.o)

.debug_line     0x00000000      0xdad
 *(.debug_line)
 .debug_line    0x00000000       0xa7 d:/iti/embedded c/discovery/tools/winavr_20100110/bin/../lib/gcc/avr/4.3.3/avr5\libgcc.a(_fixunssfsi.o)
 .debug_line    0x000000a7      0x2af d:/iti/embedded c/discovery/tools/winavr_20100110/bin/../lib/gcc/avr/4.3.3/avr5\libgcc.a(_addsub_sf.o)
 .debug_line    0x00000356      0x239 d:/iti/embedded c/discovery/tools/winavr_20100110/bin/../lib/gcc/avr/4.3.3/avr5\libgcc.a(_mul_sf.o)
 .debug_line    0x0000058f       0xd3 d:/iti/embedded c/discovery/tools/winavr_20100110/bin/../lib/gcc/avr/4.3.3/avr5\libgcc.a(_gt_sf.o)
 .debug_line    0x00000662       0xd3 d:/iti/embedded c/discovery/tools/winavr_20100110/bin/../lib/gcc/avr/4.3.3/avr5\libgcc.a(_ge_sf.o)
 .debug_line    0x00000735       0xd3 d:/iti/embedded c/discovery/tools/winavr_20100110/bin/../lib/gcc/avr/4.3.3/avr5\libgcc.a(_lt_sf.o)
 .debug_line    0x00000808      0x109 d:/iti/embedded c/discovery/tools/winavr_20100110/bin/../lib/gcc/avr/4.3.3/avr5\libgcc.a(_sf_to_si.o)
 .debug_line    0x00000911       0x90 d:/iti/embedded c/discovery/tools/winavr_20100110/bin/../lib/gcc/avr/4.3.3/avr5\libgcc.a(_thenan_sf.o)
 .debug_line    0x000009a1      0x18a d:/iti/embedded c/discovery/tools/winavr_20100110/bin/../lib/gcc/avr/4.3.3/avr5\libgcc.a(_pack_sf.o)
 .debug_line    0x00000b2b      0x14b d:/iti/embedded c/discovery/tools/winavr_20100110/bin/../lib/gcc/avr/4.3.3/avr5\libgcc.a(_unpack_sf.o)
 .debug_line    0x00000c76      0x137 d:/iti/embedded c/discovery/tools/winavr_20100110/bin/../lib/gcc/avr/4.3.3/avr5\libgcc.a(_fpcmp_parts_sf.o)

.debug_frame    0x00000000      0x160
 *(.debug_frame)
 .debug_frame   0x00000000       0x20 d:/iti/embedded c/discovery/tools/winavr_20100110/bin/../lib/gcc/avr/4.3.3/avr5\libgcc.a(_fixunssfsi.o)
 .debug_frame   0x00000020       0x40 d:/iti/embedded c/discovery/tools/winavr_20100110/bin/../lib/gcc/avr/4.3.3/avr5\libgcc.a(_addsub_sf.o)
 .debug_frame   0x00000060       0x20 d:/iti/embedded c/discovery/tools/winavr_20100110/bin/../lib/gcc/avr/4.3.3/avr5\libgcc.a(_mul_sf.o)
 .debug_frame   0x00000080       0x20 d:/iti/embedded c/discovery/tools/winavr_20100110/bin/../lib/gcc/avr/4.3.3/avr5\libgcc.a(_gt_sf.o)
 .debug_frame   0x000000a0       0x20 d:/iti/embedded c/discovery/tools/winavr_20100110/bin/../lib/gcc/avr/4.3.3/avr5\libgcc.a(_ge_sf.o)
 .debug_frame   0x000000c0       0x20 d:/iti/embedded c/discovery/tools/winavr_20100110/bin/../lib/gcc/avr/4.3.3/avr5\libgcc.a(_lt_sf.o)
 .debug_frame   0x000000e0       0x20 d:/iti/embedded c/discovery/tools/winavr_20100110/bin/../lib/gcc/avr/4.3.3/avr5\libgcc.a(_sf_to_si.o)
 .debug_frame   0x00000100       0x20 d:/iti/embedded c/discovery/tools/winavr_20100110/bin/../lib/gcc/avr/4.3.3/avr5\libgcc.a(_pack_sf.o)
 .debug_frame   0x00000120       0x20 d:/iti/embedded c/discovery/tools/winavr_20100110/bin/../lib/gcc/avr/4.3.3/avr5\libgcc.a(_unpack_sf.o)
 .debug_frame   0x00000140       0x20 d:/iti/embedded c/discovery/tools/winavr_20100110/bin/../lib/gcc/avr/4.3.3/avr5\libgcc.a(_fpcmp_parts_sf.o)

.debug_str      0x00000000      0x28d
 *(.debug_str)
 .debug_str     0x00000000       0xbf d:/iti/embedded c/discovery/tools/winavr_20100110/bin/../lib/gcc/avr/4.3.3/avr5\libgcc.a(_fixunssfsi.o)
                                 0xfe (size before relaxing)
 .debug_str     0x000000bf      0x14d d:/iti/embedded c/discovery/tools/winavr_20100110/bin/../lib/gcc/avr/4.3.3/avr5\libgcc.a(_addsub_sf.o)
                                0x206 (size before relaxing)
 .debug_str     0x0000020c       0x27 d:/iti/embedded c/discovery/tools/winavr_20100110/bin/../lib/gcc/avr/4.3.3/avr5\libgcc.a(_mul_sf.o)
                                0x1bf (size before relaxing)
 .debug_str     0x00000233        0xf d:/iti/embedded c/discovery/tools/winavr_20100110/bin/../lib/gcc/avr/4.3.3/avr5\libgcc.a(_gt_sf.o)
                                0x195 (size before relaxing)
 .debug_str     0x00000242        0x8 d:/iti/embedded c/discovery/tools/winavr_20100110/bin/../lib/gcc/avr/4.3.3/avr5\libgcc.a(_ge_sf.o)
                                0x195 (size before relaxing)
 .debug_str     0x0000024a        0x8 d:/iti/embedded c/discovery/tools/winavr_20100110/bin/../lib/gcc/avr/4.3.3/avr5\libgcc.a(_lt_sf.o)
                                0x195 (size before relaxing)
 .debug_str     0x00000252        0xa d:/iti/embedded c/discovery/tools/winavr_20100110/bin/../lib/gcc/avr/4.3.3/avr5\libgcc.a(_sf_to_si.o)
                                0x19e (size before relaxing)
 .debug_str     0x00000000      0x103 d:/iti/embedded c/discovery/tools/winavr_20100110/bin/../lib/gcc/avr/4.3.3/avr5\libgcc.a(_thenan_sf.o)
 .debug_str     0x0000025c       0x16 d:/iti/embedded c/discovery/tools/winavr_20100110/bin/../lib/gcc/avr/4.3.3/avr5\libgcc.a(_pack_sf.o)
                                0x19d (size before relaxing)
 .debug_str     0x00000272        0xb d:/iti/embedded c/discovery/tools/winavr_20100110/bin/../lib/gcc/avr/4.3.3/avr5\libgcc.a(_unpack_sf.o)
                                0x17f (size before relaxing)
 .debug_str     0x0000027d       0x10 d:/iti/embedded c/discovery/tools/winavr_20100110/bin/../lib/gcc/avr/4.3.3/avr5\libgcc.a(_fpcmp_parts_sf.o)
                                0x163 (size before relaxing)

.debug_loc      0x00000000      0x7ce
 *(.debug_loc)
 .debug_loc     0x00000000       0x34 d:/iti/embedded c/discovery/tools/winavr_20100110/bin/../lib/gcc/avr/4.3.3/avr5\libgcc.a(_fixunssfsi.o)
 .debug_loc     0x00000034      0x32a d:/iti/embedded c/discovery/tools/winavr_20100110/bin/../lib/gcc/avr/4.3.3/avr5\libgcc.a(_addsub_sf.o)
 .debug_loc     0x0000035e      0x104 d:/iti/embedded c/discovery/tools/winavr_20100110/bin/../lib/gcc/avr/4.3.3/avr5\libgcc.a(_mul_sf.o)
 .debug_loc     0x00000462       0x3c d:/iti/embedded c/discovery/tools/winavr_20100110/bin/../lib/gcc/avr/4.3.3/avr5\libgcc.a(_gt_sf.o)
 .debug_loc     0x0000049e       0x3c d:/iti/embedded c/discovery/tools/winavr_20100110/bin/../lib/gcc/avr/4.3.3/avr5\libgcc.a(_ge_sf.o)
 .debug_loc     0x000004da       0x3c d:/iti/embedded c/discovery/tools/winavr_20100110/bin/../lib/gcc/avr/4.3.3/avr5\libgcc.a(_lt_sf.o)
 .debug_loc     0x00000516       0x7e d:/iti/embedded c/discovery/tools/winavr_20100110/bin/../lib/gcc/avr/4.3.3/avr5\libgcc.a(_sf_to_si.o)
 .debug_loc     0x00000594      0x13e d:/iti/embedded c/discovery/tools/winavr_20100110/bin/../lib/gcc/avr/4.3.3/avr5\libgcc.a(_pack_sf.o)
 .debug_loc     0x000006d2       0xac d:/iti/embedded c/discovery/tools/winavr_20100110/bin/../lib/gcc/avr/4.3.3/avr5\libgcc.a(_unpack_sf.o)
 .debug_loc     0x0000077e       0x50 d:/iti/embedded c/discovery/tools/winavr_20100110/bin/../lib/gcc/avr/4.3.3/avr5\libgcc.a(_fpcmp_parts_sf.o)

.debug_macinfo
 *(.debug_macinfo)
OUTPUT(LCD_Task1.elf elf32-avr)
LOAD linker stubs

.debug_ranges   0x00000000       0x50
 .debug_ranges  0x00000000       0x50 d:/iti/embedded c/discovery/tools/winavr_20100110/bin/../lib/gcc/avr/4.3.3/avr5\libgcc.a(_mul_sf.o)
